<html>
<body>
<pre>
<h1>礦ision Build Log</h1>
<h2>Tool Versions:</h2>
IDE-Version: μVision V5.18.0.0
Copyright (C) 2016 ARM Ltd and ARM Germany GmbH. All rights reserved.
License Information: 123 asus, 123, LIC=03CY8-3EFYT-BRKXT-RQEWZ-8FH8X-K5IUX
 
Tool Versions:
Toolchain:       MDK-ARM Standard  Version: 5.18
Toolchain Path:  D:\Keil_v5\ARM\ARMCC\Bin
C Compiler:      Armcc.exe V5.06 update 1 (build 61)
Assembler:       Armasm.exe V5.06 update 1 (build 61)
Linker/Locator:  ArmLink.exe V5.06 update 1 (build 61)
Library Manager: ArmAr.exe V5.06 update 1 (build 61)
Hex Converter:   FromElf.exe V5.06 update 1 (build 61)
CPU DLL:         SARMCM3.DLL V5.18
Dialog DLL:      DCM.DLL V1.13.6.0
Target DLL:      STLink\ST-LINKIII-KEIL_SWO.dll V2.0.18.0
Dialog DLL:      TCM.DLL V1.14.8.0
 
<h2>Project:</h2>
C:\Users\asus\Documents\Tencent Files\877825526\FileRecv\新建文件夹\硬石步进电机资料1\例程：3.5标准固件库版本\YSF1_MOTOR-010. 57步进电机梯形加减速\Project\MDKARM(uV5)\YS-F1PRO.uvprojx
Project File Date:  04/26/2017

<h2>Output:</h2>
*** Using Compiler 'V5.06 update 1 (build 61)', folder: 'D:\Keil_v5\ARM\ARMCC\Bin'
Rebuild target 'YS-F1PRO'
assembling startup_stm32f10x_hd.s...
compiling core_cm3.c...
compiling stm32f10x_bkp.c...
compiling stm32f10x_adc.c...
compiling system_stm32f10x.c...
compiling stm32f10x_cec.c...
compiling misc.c...
compiling stm32f10x_can.c...
compiling stm32f10x_crc.c...
compiling stm32f10x_exti.c...
compiling stm32f10x_dma.c...
compiling stm32f10x_dac.c...
compiling stm32f10x_dbgmcu.c...
compiling stm32f10x_fsmc.c...
compiling stm32f10x_flash.c...
compiling stm32f10x_gpio.c...
compiling stm32f10x_pwr.c...
compiling stm32f10x_iwdg.c...
compiling stm32f10x_rtc.c...
compiling stm32f10x_i2c.c...
compiling stm32f10x_rcc.c...
compiling stm32f10x_sdio.c...
compiling stm32f10x_spi.c...
compiling bsp_key.c...
compiling stm32f10x_it.c...
compiling stm32f10x_wwdg.c...
compiling stm32f10x_usart.c...
compiling main.c...
compiling stm32f10x_tim.c...
compiling bsp_TB6600_TIM.c...
..\..\User\bsp\StepMotor\bsp_TB6600_TIM.c(262): warning:  #68-D: integer conversion resulted in a change of sign
            AxisMoveRel((position-HomePos+ZeroBackDistance)*ZeroDir*-1, accel, decel, HomeFastSpeed);
..\..\User\bsp\StepMotor\bsp_TB6600_TIM.c: 1 warning, 0 errors
linking...
Program Size: Code=4704 RO-data=336 RW-data=64 ZI-data=1048  
FromELF: creating hex file...
After Build - User command #1: CopyHex_Flash.bat
C:\Users\asus\Documents\Tencent Files\877825526\FileRecv\新建文件夹\硬石步进电机资料1\例程：3.5标准固件库版本\YSF1_MOTOR-010. 57步进电机梯形加减速\Project\MDKARM(uV5)>copy Objects\YS-F1PRO.hex YS-F1PRO.hex 
已复制         1 个文件。
".\Objects\YS-F1PRO.axf" - 0 Error(s), 1 Warning(s).

<h2>Collection of Component include folders:</h2>
  C:\Users\asus\Documents\Tencent Files\877825526\FileRecv\新建文件夹\硬石步进电机资料1\例程：3.5标准固件库版本\YSF1_MOTOR-010. 57步进电机梯形加减速\Project\MDKARM(uV5)\RTE
  D:\Keil_v5\ARM\PACK\Keil\STM32F1xx_DFP\2.0.0\Device\Include

<h2>Collection of Component Files used:</h2>
Build Time Elapsed:  00:00:08
</pre>
</body>
</html>
