Component: ARM Compiler 5.06 update 4 (build 422) Tool: armlink [4d35d2]

==============================================================================

Section Cross References

    main.o(.text) refers to delay.o(.text) for SysTick_Init
    main.o(.text) refers to step_motion.o(.text) for CalculateSModelLine
    main.o(.text) refers to sys.o(.text) for NVIC_Configuration
    main.o(.text) refers to usart.o(.text) for uart_init
    main.o(.text) refers to tim1.o(.text) for TIM1_GPIO_Config
    main.o(.text) refers to key.o(.text) for KEY_Config
    main.o(.text) refers to tm1637.o(.text) for TM1637_Init
    main.o(.text) refers to step_motion.o(.bss) for period
    main.o(.text) refers to main.o(.data) for A
    stm32f10x_it.o(.text) refers to delay.o(.text) for TimingDelay_Decrement
    system_stm32f10x.o(.text) refers to system_stm32f10x.o(.data) for SystemCoreClock
    oled.o(.text) refers to stm32f10x_gpio.o(.text) for GPIO_SetBits
    oled.o(.text) refers to stm32f10x_rcc.o(.text) for RCC_APB2PeriphClockCmd
    oled.o(.text) refers to delay.o(.text) for delay_ms
    oled.o(.text) refers to oled.o(.constdata) for F8X16
    oled.o(.text) refers to oled.o(.data) for Hzk
    sht30.o(.text) refers to stm32f10x_gpio.o(.text) for GPIO_Init
    sht30.o(.text) refers to fflt_clz.o(x$fpl$ffltu) for __aeabi_ui2f
    sht30.o(.text) refers to fmul.o(x$fpl$fmul) for __aeabi_fmul
    sht30.o(.text) refers to fdiv.o(x$fpl$fdiv) for __aeabi_fdiv
    sht30.o(.text) refers to faddsub_clz.o(x$fpl$fsub) for __aeabi_fsub
    sht30.o(.text) refers to sht30.o(.data) for buffer
    sht30.o(.text) refers to faddsub_clz.o(x$fpl$fadd) for __aeabi_fadd
    sht30.o(.text) refers to delay.o(.text) for delay_us
    key.o(.text) refers to stm32f10x_rcc.o(.text) for RCC_APB2PeriphClockCmd
    key.o(.text) refers to stm32f10x_gpio.o(.text) for GPIO_Init
    key.o(.text) refers to stm32f10x_tim.o(.text) for TIM_CtrlPWMOutputs
    key.o(.text) refers to key.o(.data) for start_last_status
    key.o(.text) refers to sys.o(.data) for WORK_STATUS
    key.o(.text) refers to step_motion.o(.data) for MOTION_STATUS
    step_motion.o(.text) refers to faddsub_clz.o(x$fpl$fsub) for __aeabi_fsub
    step_motion.o(.text) refers to fdiv.o(x$fpl$fdiv) for __aeabi_fdiv
    step_motion.o(.text) refers to fflt_clz.o(x$fpl$fflt) for __aeabi_i2f
    step_motion.o(.text) refers to fmul.o(x$fpl$fmul) for __aeabi_fmul
    step_motion.o(.text) refers to expf.o(i.expf) for expf
    step_motion.o(.text) refers to faddsub_clz.o(x$fpl$fadd) for __aeabi_fadd
    step_motion.o(.text) refers to f2d.o(x$fpl$f2d) for __aeabi_f2d
    step_motion.o(.text) refers to ddiv.o(x$fpl$ddiv) for __aeabi_ddiv
    step_motion.o(.text) refers to d2f.o(x$fpl$d2f) for __aeabi_d2f
    step_motion.o(.text) refers to dfixu.o(x$fpl$dfixu) for __aeabi_d2uiz
    step_motion.o(.text) refers to fleqf.o(x$fpl$fleqf) for __aeabi_cfcmple
    step_motion.o(.text) refers to stm32f10x_tim.o(.text) for TIM_GetITStatus
    step_motion.o(.text) refers to step_motion.o(.data) for i
    step_motion.o(.text) refers to sys.o(.data) for WORK_STATUS
    step_motion.o(.text) refers to step_motion.o(.bss) for period
    tm1637.o(.text) refers to stm32f10x_rcc.o(.text) for RCC_APB2PeriphClockCmd
    tm1637.o(.text) refers to stm32f10x_gpio.o(.text) for GPIO_Init
    tm1637.o(.text) refers to tm1637.o(.data) for NumDis
    delay.o(.text) refers to key.o(.text) for KEY_scan
    delay.o(.text) refers to tm1637.o(.text) for TM1637_NixieTubeDisplayChar
    delay.o(.text) refers to usart.o(.text) for UART_SendString
    delay.o(.text) refers to system_stm32f10x.o(.data) for SystemCoreClock
    delay.o(.text) refers to delay.o(.data) for TimingDelay
    delay.o(.text) refers to main.o(.data) for A
    sys.o(.text) refers to misc.o(.text) for NVIC_PriorityGroupConfig
    usart.o(.text) refers to stm32f10x_rcc.o(.text) for RCC_APB2PeriphClockCmd
    usart.o(.text) refers to stm32f10x_gpio.o(.text) for GPIO_Init
    usart.o(.text) refers to misc.o(.text) for NVIC_Init
    usart.o(.text) refers to stm32f10x_usart.o(.text) for USART_Init
    usart.o(.text) refers to usart.o(.data) for Rxlen1
    usart.o(.text) refers to usart.o(.bss) for Rxbuffer1
    usart.o(.text) refers to main.o(.data) for Flag_USART1
    ds3231.o(.text) refers to myiic.o(.text) for IIC_Start
    ds3231.o(.text) refers to delay.o(.text) for delay_us
    ds3231.o(.text) refers to ds3231.o(.bss) for calendar
    myiic.o(.text) refers to stm32f10x_rcc.o(.text) for RCC_APB2PeriphClockCmd
    myiic.o(.text) refers to stm32f10x_gpio.o(.text) for GPIO_Init
    myiic.o(.text) refers to delay.o(.text) for delay_us
    tim1.o(.text) refers to stm32f10x_rcc.o(.text) for RCC_APB2PeriphClockCmd
    tim1.o(.text) refers to stm32f10x_gpio.o(.text) for GPIO_Init
    tim1.o(.text) refers to stm32f10x_tim.o(.text) for TIM_TimeBaseInit
    tim1.o(.text) refers to step_motion.o(.text) for STEP_MOTION_IRQHandler
    tim1.o(.text) refers to tim1.o(.data) for CCR3_Val
[...]
    libinit2.o(.ARM.Collect$$libinit$$00000014) refers to libinit2.o(.ARM.Collect$$libinit$$0000000F) for .ARM.Collect$$libinit$$0000000F
    libinit2.o(.ARM.Collect$$libinit$$00000016) refers to libinit2.o(.ARM.Collect$$libinit$$0000000F) for .ARM.Collect$$libinit$$0000000F
    libinit2.o(.ARM.Collect$$libinit$$00000018) refers to libinit2.o(.ARM.Collect$$libinit$$0000000F) for .ARM.Collect$$libinit$$0000000F
    libinit2.o(.ARM.Collect$$libinit$$00000026) refers to argv_veneer.o(.emb_text) for __ARM_argv_veneer
    libinit2.o(.ARM.Collect$$libinit$$00000027) refers to argv_veneer.o(.emb_text) for __ARM_argv_veneer
    trapv.o(x$fpl$trapveneer) refers (Special) to usenofp.o(x$fpl$usenofp) for __I$use$fp
    rtexit2.o(.ARM.Collect$$rtexit$$00000003) refers to libshutdown.o(.ARM.Collect$$libshutdown$$00000000) for __rt_lib_shutdown
    rtexit2.o(.ARM.Collect$$rtexit$$00000004) refers to sys_exit.o(.text) for _sys_exit
    rtexit2.o(.ARM.exidx) refers to rtexit2.o(.ARM.Collect$$rtexit$$00000001) for .ARM.Collect$$rtexit$$00000001
    rtexit2.o(.ARM.exidx) refers to rtexit2.o(.ARM.Collect$$rtexit$$00000003) for .ARM.Collect$$rtexit$$00000003
    rtexit2.o(.ARM.exidx) refers to rtexit2.o(.ARM.Collect$$rtexit$$00000004) for .ARM.Collect$$rtexit$$00000004
    argv_veneer.o(.emb_text) refers to no_argv.o(.text) for __ARM_get_argv
    sys_exit.o(.text) refers (Special) to use_no_semi.o(.text) for __I$use$semihosting
    sys_exit.o(.text) refers (Special) to indicate_semi.o(.text) for __semihosting_library_function
    _get_argv_nomalloc.o(.text) refers (Special) to hrguard.o(.text) for __heap_region$guard
    _get_argv_nomalloc.o(.text) refers to defsig_rtmem_outer.o(.text) for __rt_SIGRTMEM
    _get_argv_nomalloc.o(.text) refers to sys_command.o(.text) for _sys_command_string
    libshutdown.o(.ARM.Collect$$libshutdown$$00000000) refers (Special) to libshutdown2.o(.ARM.Collect$$libshutdown$$00000002) for __rt_lib_shutdown_cpp_1
    libshutdown.o(.ARM.Collect$$libshutdown$$00000000) refers (Special) to libshutdown2.o(.ARM.Collect$$libshutdown$$00000007) for __rt_lib_shutdown_fp_trap_1
    libshutdown.o(.ARM.Collect$$libshutdown$$00000000) refers (Special) to libshutdown2.o(.ARM.Collect$$libshutdown$$0000000F) for __rt_lib_shutdown_heap_1
    libshutdown.o(.ARM.Collect$$libshutdown$$00000000) refers (Special) to libshutdown2.o(.ARM.Collect$$libshutdown$$00000010) for __rt_lib_shutdown_return
    libshutdown.o(.ARM.Collect$$libshutdown$$00000000) refers (Special) to libshutdown2.o(.ARM.Collect$$libshutdown$$0000000A) for __rt_lib_shutdown_signal_1
    libshutdown.o(.ARM.Collect$$libshutdown$$00000000) refers (Special) to libshutdown2.o(.ARM.Collect$$libshutdown$$00000004) for __rt_lib_shutdown_stdio_1
    libshutdown.o(.ARM.Collect$$libshutdown$$00000000) refers (Special) to libshutdown2.o(.ARM.Collect$$libshutdown$$0000000C) for __rt_lib_shutdown_user_alloc_1
    sys_command.o(.text) refers (Special) to use_no_semi.o(.text) for __I$use$semihosting
    sys_command.o(.text) refers (Special) to indicate_semi.o(.text) for __semihosting_library_function
    defsig_rtmem_outer.o(.text) refers to defsig_rtmem_inner.o(.text) for __rt_SIGRTMEM_inner
    defsig_rtmem_outer.o(.text) refers to defsig_exit.o(.text) for __sig_exit
    defsig_rtmem_formal.o(.text) refers to rt_raise.o(.text) for __rt_raise
    rt_raise.o(.text) refers to __raise.o(.text) for __raise
    rt_raise.o(.text) refers to sys_exit.o(.text) for _sys_exit
    defsig_exit.o(.text) refers to sys_exit.o(.text) for _sys_exit
    defsig_rtmem_inner.o(.text) refers to defsig_general.o(.text) for __default_signal_display
    __raise.o(.text) refers to defsig.o(CL$$defsig) for __default_signal_handler
    defsig_general.o(.text) refers to sys_wrch.o(.text) for _ttywrch
    sys_wrch.o(.text) refers (Special) to use_no_semi.o(.text) for __I$use$semihosting
    sys_wrch.o(.text) refers (Special) to indicate_semi.o(.text) for __semihosting_library_function
    defsig.o(CL$$defsig) refers to defsig_rtmem_inner.o(.text) for __rt_SIGRTMEM_inner
    defsig_abrt_inner.o(.text) refers to defsig_general.o(.text) for __default_signal_display
    defsig_fpe_inner.o(.text) refers to defsig_general.o(.text) for __default_signal_display
    defsig_rtred_inner.o(.text) refers to defsig_general.o(.text) for __default_signal_display
    defsig_stak_inner.o(.text) refers to defsig_general.o(.text) for __default_signal_display
    defsig_pvfn_inner.o(.text) refers to defsig_general.o(.text) for __default_signal_display
    defsig_cppl_inner.o(.text) refers to defsig_general.o(.text) for __default_signal_display
    defsig_segv_inner.o(.text) refers to defsig_general.o(.text) for __default_signal_display
    defsig_other.o(.text) refers to defsig_general.o(.text) for __default_signal_display


==============================================================================

Removing Unused input sections from the image.

    Removing oled.o(.text), (1162 bytes).
    Removing oled.o(.constdata), (2072 bytes).
    Removing oled.o(.data), (640 bytes).
    Removing sht30.o(.text), (1324 bytes).
    Removing sht30.o(.data), (14 bytes).
    Removing ds3231.o(.text), (576 bytes).
    Removing ds3231.o(.bss), (12 bytes).
    Removing myiic.o(.text), (672 bytes).
    Removing core_cm3.o(.emb_text), (32 bytes).

9 unused section(s) (total 6504 bytes) removed from the image.

==============================================================================

Image Symbol Table

    Local Symbols

    Symbol Name                              Value     Ov Type        Size  Object(Section)

    ../clib/angel/boardlib.s                 0x00000000   Number         0  boardinit2.o ABSOLUTE
    ../clib/angel/boardlib.s                 0x00000000   Number         0  boardshut.o ABSOLUTE
    ../clib/angel/boardlib.s                 0x00000000   Number         0  boardinit1.o ABSOLUTE
    ../clib/angel/boardlib.s                 0x00000000   Number         0  boardinit3.o ABSOLUTE
    ../clib/angel/dclz77c.s                  0x00000000   Number         0  __dclz77c.o ABSOLUTE
    ../clib/angel/handlers.s                 0x00000000   Number         0  __scatter_zi.o ABSOLUTE
    ../clib/angel/kernel.s                   0x00000000   Number         0  __rtentry.o ABSOLUTE
    ../clib/angel/kernel.s                   0x00000000   Number         0  rtexit2.o ABSOLUTE
    ../clib/angel/kernel.s                   0x00000000   Number         0  __rtentry2.o ABSOLUTE
    ../clib/angel/kernel.s                   0x00000000   Number         0  __rtentry4.o ABSOLUTE
    ../clib/angel/kernel.s                   0x00000000   Number         0  rtexit.o ABSOLUTE
    ../clib/angel/rt.s                       0x00000000   Number         0  rt_errno_addr_intlibspace.o ABSOLUTE
    ../clib/angel/rt.s                       0x00000000   Number         0  rt_raise.o ABSOLUTE
    ../clib/angel/rt.s                       0x00000000   Number         0  rt_errno_addr.o ABSOLUTE
    ../clib/angel/scatter.s                  0x00000000   Number         0  __scatter.o ABSOLUTE
    ../clib/angel/startup.s                  0x00000000   Number         0  __main.o ABSOLUTE
    ../clib/angel/sys.s                      0x00000000   Number         0  use_no_semi.o ABSOLUTE
    ../clib/angel/sys.s                      0x00000000   Number         0  indicate_semi.o ABSOLUTE
    ../clib/angel/sys.s                      0x00000000   Number         0  sys_stackheap_outer.o ABSOLUTE
    ../clib/angel/sys.s                      0x00000000   Number         0  libspace.o ABSOLUTE
    ../clib/angel/sysapp.c                   0x00000000   Number         0  sys_wrch.o ABSOLUTE
    ../clib/angel/sysapp.c                   0x00000000   Number         0  sys_command.o ABSOLUTE
    ../clib/angel/sysapp.c                   0x00000000   Number         0  sys_exit.o ABSOLUTE
    ../clib/armsys.c                         0x00000000   Number         0  argv_veneer.o ABSOLUTE
    ../clib/armsys.c                         0x00000000   Number         0  _get_argv_nomalloc.o ABSOLUTE
    ../clib/armsys.c                         0x00000000   Number         0  no_argv.o ABSOLUTE
    ../clib/armsys.c                         0x00000000   Number         0  argv_veneer.o ABSOLUTE
    ../clib/fenv.c                           0x00000000   Number         0  _rserrno.o ABSOLUTE
    ../clib/heapalloc.c                      0x00000000   Number         0  hrguard.o ABSOLUTE
    ../clib/heapaux.c                        0x00000000   Number         0  heapauxi.o ABSOLUTE
    ../clib/libinit.s                        0x00000000   Number         0  libinit2.o ABSOLUTE
    ../clib/libinit.s                        0x00000000   Number         0  libshutdown2.o ABSOLUTE
    ../clib/libinit.s                        0x00000000   Number         0  libinit.o ABSOLUTE
    ../clib/libinit.s                        0x00000000   Number         0  libshutdown.o ABSOLUTE
    ../clib/signal.c                         0x00000000   Number         0  defsig_other.o ABSOLUTE
    ../clib/signal.c                         0x00000000   Number         0  defsig_abrt_inner.o ABSOLUTE
    ../clib/signal.c                         0x00000000   Number         0  defsig_rtmem_inner.o ABSOLUTE
    ../clib/signal.c                         0x00000000   Number         0  defsig_exit.o ABSOLUTE
    ../clib/signal.c                         0x00000000   Number         0  defsig_fpe_inner.o ABSOLUTE
    ../clib/signal.c                         0x00000000   Number         0  defsig_rtmem_outer.o ABSOLUTE
    ../clib/signal.c                         0x00000000   Number         0  defsig_rtred_inner.o ABSOLUTE
    ../clib/signal.c                         0x00000000   Number         0  defsig_stak_inner.o ABSOLUTE
    ../clib/signal.c                         0x00000000   Number         0  defsig_general.o ABSOLUTE
    ../clib/signal.c                         0x00000000   Number         0  defsig_segv_inner.o ABSOLUTE
    ../clib/signal.c                         0x00000000   Number         0  defsig_pvfn_inner.o ABSOLUTE
    ../clib/signal.c                         0x00000000   Number         0  __raise.o ABSOLUTE
    ../clib/signal.c                         0x00000000   Number         0  defsig_cppl_inner.o ABSOLUTE
    ../clib/signal.c                         0x00000000   Number         0  defsig_rtmem_formal.o ABSOLUTE
    ../clib/signal.s                         0x00000000   Number         0  defsig.o ABSOLUTE
    ../clib/stdlib.c                         0x00000000   Number         0  exit.o ABSOLUTE
    ../fplib/d2f.s                           0x00000000   Number         0  d2f.o ABSOLUTE
    ../fplib/ddiv.s                          0x00000000   Number         0  ddiv.o ABSOLUTE
    ../fplib/dfixu.s                         0x00000000   Number         0  dfixu.o ABSOLUTE
    ../fplib/dnaninf.s                       0x00000000   Number         0  dnaninf.o ABSOLUTE
    ../fplib/dretinf.s                       0x00000000   Number         0  dretinf.o ABSOLUTE
    ../fplib/f2d.s                           0x00000000   Number         0  f2d.o ABSOLUTE
    ../fplib/faddsub.s                       0x00000000   Number         0  faddsub_clz.o ABSOLUTE
    ../fplib/fcheck1.s                       0x00000000   Number         0  fcheck1.o ABSOLUTE
    ../fplib/fcmpi.s                         0x00000000   Number         0  fcmpi.o ABSOLUTE
    ../fplib/fdiv.s                          0x00000000   Number         0  fdiv.o ABSOLUTE
    ../fplib/ffix.s                          0x00000000   Number         0  ffix.o ABSOLUTE
    ../fplib/fflt.s                          0x00000000   Number         0  fflt_clz.o ABSOLUTE
    ../fplib/fleqf.s                         0x00000000   Number         0  fleqf.o ABSOLUTE
    ../fplib/fmul.s                          0x00000000   Number         0  fmul.o ABSOLUTE
    ../fplib/fnaninf.s                       0x00000000   Number         0  fnaninf.o ABSOLUTE
    ../fplib/fpinit.s                        0x00000000   Number         0  fpinit.o ABSOLUTE
    ../fplib/fretinf.s                       0x00000000   Number         0  fretinf.o ABSOLUTE
    ../fplib/frnd.s                          0x00000000   Number         0  frnd.o ABSOLUTE
    ../fplib/istatus.s                       0x00000000   Number         0  istatus.o ABSOLUTE
    ../fplib/retnan.s                        0x00000000   Number         0  retnan.o ABSOLUTE
    ../fplib/scalbnf.s                       0x00000000   Number         0  scalbnf.o ABSOLUTE
    ../fplib/trapv.s                         0x00000000   Number         0  trapv.o ABSOLUTE
    ../fplib/usenofp.s                       0x00000000   Number         0  usenofp.o ABSOLUTE
    ../mathlib/expf.c                        0x00000000   Number         0  expf.o ABSOLUTE
    ../mathlib/expf.c                        0x00000000   Number         0  expf_x.o ABSOLUTE
    ../mathlib/fpclassifyf.c                 0x00000000   Number         0  fpclassifyf.o ABSOLUTE
    ../mathlib/funder.c                      0x00000000   Number         0  funder.o ABSOLUTE
    ..\CORE\core_cm3.c                       0x00000000   Number         0  core_cm3.o ABSOLUTE
    ..\CORE\startup_stm32f10x_hd.s           0x00000000   Number         0  startup_stm32f10x_hd.o ABSOLUTE
    ..\HARDWARE\OLED\SHT30.c                 0x00000000   Number         0  sht30.o ABSOLUTE
    ..\HARDWARE\OLED\oled.c                  0x00000000   Number         0  oled.o ABSOLUTE
    ..\HARDWARE\STEP_MOTION\STEP_MOTION.c    0x00000000   Number         0  step_motion.o ABSOLUTE
    ..\HARDWARE\TM1637\TM1637.c              0x00000000   Number         0  tm1637.o ABSOLUTE
    ..\HARDWARE\key.c                        0x00000000   Number         0  key.o ABSOLUTE
    ..\STM32F10x_FWLib\src\misc.c            0x00000000   Number         0  misc.o ABSOLUTE
    ..\STM32F10x_FWLib\src\stm32f10x_gpio.c  0x00000000   Number         0  stm32f10x_gpio.o ABSOLUTE
    ..\STM32F10x_FWLib\src\stm32f10x_rcc.c   0x00000000   Number         0  stm32f10x_rcc.o ABSOLUTE
    ..\STM32F10x_FWLib\src\stm32f10x_tim.c   0x00000000   Number         0  stm32f10x_tim.o ABSOLUTE
    ..\STM32F10x_FWLib\src\stm32f10x_usart.c 0x00000000   Number         0  stm32f10x_usart.o ABSOLUTE
    ..\SYSTEM\delay\TIM1.c                   0x00000000   Number         0  tim1.o ABSOLUTE
    ..\SYSTEM\delay\delay.c                  0x00000000   Number         0  delay.o ABSOLUTE
    ..\SYSTEM\iic\ds3231.c                   0x00000000   Number         0  ds3231.o ABSOLUTE
    ..\SYSTEM\iic\myiic.c                    0x00000000   Number         0  myiic.o ABSOLUTE
    ..\SYSTEM\sys\sys.c                      0x00000000   Number         0  sys.o ABSOLUTE
    ..\SYSTEM\usart\usart.c                  0x00000000   Number         0  usart.o ABSOLUTE
    ..\\CORE\\core_cm3.c                     0x00000000   Number         0  core_cm3.o ABSOLUTE
    dc.s                                     0x00000000   Number         0  dc.o ABSOLUTE
    main.c                                   0x00000000   Number         0  main.o ABSOLUTE
    stm32f10x_it.c                           0x00000000   Number         0  stm32f10x_it.o ABSOLUTE
    system_stm32f10x.c                       0x00000000   Number         0  system_stm32f10x.o ABSOLUTE
    RESET                                    0x08000000   Section      304  startup_stm32f10x_hd.o(RESET)
    !!!main                                  0x08000130   Section        8  __main.o(!!!main)
    !!!scatter                               0x08000138   Section       52  __scatter.o(!!!scatter)
    !!dclz77c                                0x0800016c   Section      100  __dclz77c.o(!!dclz77c)
    !!handler_zi                             0x080001d0   Section       28  __scatter_zi.o(!!handler_zi)
    .ARM.Collect$$libinit$$00000000          0x080001ec   Section        2  libinit.o(.ARM.Collect$$libinit$$00000000)
    .ARM.Collect$$libinit$$00000002          0x080001ee   Section        0  libinit2.o(.ARM.Collect$$libinit$$00000002)
    .ARM.Collect$$libinit$$00000004          0x080001ee   Section        0  libinit2.o(.ARM.Collect$$libinit$$00000004)
    .ARM.Collect$$libinit$$0000000A          0x080001ee   Section        0  libinit2.o(.ARM.Collect$$libinit$$0000000A)
    .ARM.Collect$$libinit$$0000000C          0x080001ee   Section        0  libinit2.o(.ARM.Collect$$libinit$$0000000C)
    .ARM.Collect$$libinit$$0000000E          0x080001ee   Section        0  libinit2.o(.ARM.Collect$$libinit$$0000000E)
    .ARM.Collect$$libinit$$00000011          0x080001ee   Section        0  libinit2.o(.ARM.Collect$$libinit$$00000011)
    .ARM.Collect$$libinit$$00000013          0x080001ee   Section        0  libinit2.o(.ARM.Collect$$libinit$$00000013)
    .ARM.Collect$$libinit$$00000015          0x080001ee   Section        0  libinit2.o(.ARM.Collect$$libinit$$00000015)
    .ARM.Collect$$libinit$$00000017          0x080001ee   Section        0  libinit2.o(.ARM.Collect$$libinit$$00000017)
    .ARM.Collect$$libinit$$00000019          0x080001ee   Section        0  libinit2.o(.ARM.Collect$$libinit$$00000019)
    .ARM.Collect$$libinit$$0000001B          0x080001ee   Section        0  libinit2.o(.ARM.Collect$$libinit$$0000001B)
    .ARM.Collect$$libinit$$0000001D          0x080001ee   Section        0  libinit2.o(.ARM.Collect$$libinit$$0000001D)
    .ARM.Collect$$libinit$$0000001F          0x080001ee   Section        0  libinit2.o(.ARM.Collect$$libinit$$0000001F)
    .ARM.Collect$$libinit$$00000021          0x080001ee   Section        0  libinit2.o(.ARM.Collect$$libinit$$00000021)
    .ARM.Collect$$libinit$$00000023          0x080001ee   Section        0  libinit2.o(.ARM.Collect$$libinit$$00000023)
    .ARM.Collect$$libinit$$00000025          0x080001ee   Section        0  libinit2.o(.ARM.Collect$$libinit$$00000025)
    .ARM.Collect$$libinit$$0000002C          0x080001ee   Section        0  libinit2.o(.ARM.Collect$$libinit$$0000002C)
    .ARM.Collect$$libinit$$0000002E          0x080001ee   Section        0  libinit2.o(.ARM.Collect$$libinit$$0000002E)
    .ARM.Collect$$libinit$$00000030          0x080001ee   Section        0  libinit2.o(.ARM.Collect$$libinit$$00000030)
    .ARM.Collect$$libinit$$00000032          0x080001ee   Section        0  libinit2.o(.ARM.Collect$$libinit$$00000032)
    .ARM.Collect$$libinit$$00000033          0x080001ee   Section        2  libinit2.o(.ARM.Collect$$libinit$$00000033)
    .ARM.Collect$$libshutdown$$00000000      0x080001f0   Section        2  libshutdown.o(.ARM.Collect$$libshutdown$$00000000)
    .ARM.Collect$$libshutdown$$00000002      0x080001f2   Section        0  libshutdown2.o(.ARM.Collect$$libshutdown$$00000002)
    .ARM.Collect$$libshutdown$$00000004      0x080001f2   Section        0  libshutdown2.o(.ARM.Collect$$libshutdown$$00000004)
    .ARM.Collect$$libshutdown$$00000007      0x080001f2   Section        0  libshutdown2.o(.ARM.Collect$$libshutdown$$00000007)
    .ARM.Collect$$libshutdown$$0000000A      0x080001f2   Section        0  libshutdown2.o(.ARM.Collect$$libshutdown$$0000000A)
    .ARM.Collect$$libshutdown$$0000000C      0x080001f2   Section        0  libshutdown2.o(.ARM.Collect$$libshutdown$$0000000C)
    .ARM.Collect$$libshutdown$$0000000F      0x080001f2   Section        0  libshutdown2.o(.ARM.Collect$$libshutdown$$0000000F)
    .ARM.Collect$$libshutdown$$00000010      0x080001f2   Section        2  libshutdown2.o(.ARM.Collect$$libshutdown$$00000010)
    .ARM.Collect$$rtentry$$00000000          0x080001f4   Section        0  __rtentry.o(.ARM.Collect$$rtentry$$00000000)
    .ARM.Collect$$rtentry$$00000002          0x080001f4   Section        0  __rtentry2.o(.ARM.Collect$$rtentry$$00000002)
    .ARM.Collect$$rtentry$$00000004          0x080001f4   Section        6  __rtentry4.o(.ARM.Collect$$rtentry$$00000004)
    .ARM.Collect$$rtentry$$00000009          0x080001fa   Section        0  __rtentry2.o(.ARM.Collect$$rtentry$$00000009)
    .ARM.Collect$$rtentry$$0000000A          0x080001fa   Section        4  __rtentry2.o(.ARM.Collect$$rtentry$$0000000A)
    .ARM.Collect$$rtentry$$0000000C          0x080001fe   Section        0  __rtentry2.o(.ARM.Collect$$rtentry$$0000000C)
    .ARM.Collect$$rtentry$$0000000D          0x080001fe   Section        8  __rtentry2.o(.ARM.Collect$$rtentry$$0000000D)
    .ARM.Collect$$rtexit$$00000000           0x08000206   Section        2  rtexit.o(.ARM.Collect$$rtexit$$00000000)
    .ARM.Collect$$rtexit$$00000002           0x08000208   Section        0  rtexit2.o(.ARM.Collect$$rtexit$$00000002)
    .ARM.Collect$$rtexit$$00000003           0x08000208   Section        4  rtexit2.o(.ARM.Collect$$rtexit$$00000003)
    .ARM.Collect$$rtexit$$00000004           0x0800020c   Section        6  rtexit2.o(.ARM.Collect$$rtexit$$00000004)
    .text                                    0x08000214   Section        0  main.o(.text)
    .text                                    0x0800027c   Section        0  stm32f10x_it.o(.text)
    .text                                    0x0800029c   Section        0  system_stm32f10x.o(.text)
    SetSysClockTo72                          0x0800029d   Thumb Code   214  system_stm32f10x.o(.text)
    SetSysClock                              0x08000373   Thumb Code     8  system_stm32f10x.o(.text)
    .text                                    0x0800047c   Section        0  key.o(.text)
    .text                                    0x08000558   Section        0  step_motion.o(.text)
    .text                                    0x080007b0   Section        0  tm1637.o(.text)
    .text                                    0x08000ae8   Section        0  delay.o(.text)
    .text                                    0x08000c9c   Section        0  sys.o(.text)
    .text                                    0x08000cc8   Section        0  usart.o(.text)
    .text                                    0x08000fb0   Section        0  tim1.o(.text)
    .text                                    0x08001144   Section       64  startup_stm32f10x_hd.o(.text)
    .text                                    0x08001184   Section        0  misc.o(.text)
    .text                                    0x08001260   Section        0  stm32f10x_gpio.o(.text)
    .text                                    0x080015bc   Section        0  stm32f10x_rcc.o(.text)
    .text                                    0x08001960   Section        0  stm32f10x_usart.o(.text)
    .text                                    0x08001d68   Section        0  stm32f10x_tim.o(.text)
    TI4_Config                               0x0800220f   Thumb Code   130  stm32f10x_tim.o(.text)
    TI3_Config                               0x080022a3   Thumb Code   122  stm32f10x_tim.o(.text)
    TI2_Config                               0x08002337   Thumb Code   130  stm32f10x_tim.o(.text)
    TI1_Config                               0x080023cb   Thumb Code   108  stm32f10x_tim.o(.text)
    .text                                    0x08002b82   Section        0  heapauxi.o(.text)
    .text                                    0x08002b88   Section        0  _rserrno.o(.text)
    .text                                    0x08002ba0   Section        8  rt_errno_addr_intlibspace.o(.text)
    .text                                    0x08002ba8   Section        8  libspace.o(.text)
    .text                                    0x08002bb0   Section       74  sys_stackheap_outer.o(.text)
    .text                                    0x08002bfa   Section        0  exit.o(.text)
    .text                                    0x08002c0c   Section        0  sys_exit.o(.text)
    .text                                    0x08002c18   Section        2  use_no_semi.o(.text)
    .text                                    0x08002c1a   Section        0  indicate_semi.o(.text)
    i.__ARM_fpclassifyf                      0x08002c1a   Section        0  fpclassifyf.o(i.__ARM_fpclassifyf)
    i.__mathlib_flt_infnan                   0x08002c40   Section        0  funder.o(i.__mathlib_flt_infnan)
    i.__mathlib_flt_overflow                 0x08002c46   Section        0  funder.o(i.__mathlib_flt_overflow)
    i.__mathlib_flt_underflow                0x08002c50   Section        0  funder.o(i.__mathlib_flt_underflow)
    i.expf                                   0x08002c5c   Section        0  expf.o(i.expf)
    x$fpl$d2f                                0x08002dcc   Section       98  d2f.o(x$fpl$d2f)
    x$fpl$ddiv                               0x08002e30   Section      688  ddiv.o(x$fpl$ddiv)
    ddiv_entry                               0x08002e37   Thumb Code     0  ddiv.o(x$fpl$ddiv)
    x$fpl$dfixu                              0x080030e0   Section       90  dfixu.o(x$fpl$dfixu)
    x$fpl$dnaninf                            0x0800313a   Section      156  dnaninf.o(x$fpl$dnaninf)
    x$fpl$dretinf                            0x080031d6   Section       12  dretinf.o(x$fpl$dretinf)
    x$fpl$f2d                                0x080031e4   Section       86  f2d.o(x$fpl$f2d)
    x$fpl$fadd                               0x0800323c   Section      196  faddsub_clz.o(x$fpl$fadd)
    _fadd1                                   0x0800324b   Thumb Code     0  faddsub_clz.o(x$fpl$fadd)
    x$fpl$fcheck1                            0x08003300   Section       12  fcheck1.o(x$fpl$fcheck1)
    x$fpl$fcmpinf                            0x0800330c   Section       24  fcmpi.o(x$fpl$fcmpinf)
    x$fpl$fdiv                               0x08003324   Section      388  fdiv.o(x$fpl$fdiv)
    _fdiv1                                   0x08003325   Thumb Code     0  fdiv.o(x$fpl$fdiv)
    x$fpl$ffix                               0x080034a8   Section       54  ffix.o(x$fpl$ffix)
    x$fpl$fflt                               0x080034e0   Section       48  fflt_clz.o(x$fpl$fflt)
    x$fpl$fleqf                              0x08003510   Section      104  fleqf.o(x$fpl$fleqf)
    x$fpl$fmul                               0x08003578   Section      258  fmul.o(x$fpl$fmul)
    x$fpl$fnaninf                            0x0800367a   Section      140  fnaninf.o(x$fpl$fnaninf)
    x$fpl$fretinf                            0x08003706   Section       10  fretinf.o(x$fpl$fretinf)
    x$fpl$frnd                               0x08003710   Section       96  frnd.o(x$fpl$frnd)
    x$fpl$frsb                               0x08003770   Section       20  faddsub_clz.o(x$fpl$frsb)
    x$fpl$fsub                               0x08003784   Section      234  faddsub_clz.o(x$fpl$fsub)
    _fsub1                                   0x08003793   Thumb Code     0  faddsub_clz.o(x$fpl$fsub)
    x$fpl$retnan                             0x0800386e   Section      100  retnan.o(x$fpl$retnan)
    x$fpl$scalbnf                            0x080038d2   Section       76  scalbnf.o(x$fpl$scalbnf)
    x$fpl$trapveneer                         0x0800391e   Section       48  trapv.o(x$fpl$trapveneer)
    x$fpl$usenofp                            0x0800394e   Section        0  usenofp.o(x$fpl$usenofp)
    .constdata                               0x08003950   Section       48  expf.o(.constdata)
    twotokover4top                           0x08003950   Data          16  expf.o(.constdata)
    twotokover4bot                           0x08003960   Data          16  expf.o(.constdata)
    twotokover4all                           0x08003970   Data          16  expf.o(.constdata)
    .data                                    0x20000000   Section     5137  main.o(.data)
    .data                                    0x20001414   Section       20  system_stm32f10x.o(.data)
    .data                                    0x20001428   Section        4  key.o(.data)
    start_status                             0x20001428   Data           1  key.o(.data)
    start_last_status                        0x20001429   Data           1  key.o(.data)
    stop_status                              0x2000142a   Data           1  key.o(.data)
    stop_last_status                         0x2000142b   Data           1  key.o(.data)
    .data                                    0x2000142c   Section       12  step_motion.o(.data)
    i                                        0x20001434   Data           4  step_motion.o(.data)
    .data                                    0x20001438   Section       25  tm1637.o(.data)
    .data                                    0x20001454   Section       25  delay.o(.data)
    TimingDelay                              0x20001454   Data           4  delay.o(.data)
    flag                                     0x2000146c   Data           1  delay.o(.data)
    .data                                    0x20001470   Section        8  sys.o(.data)
    .data                                    0x20001478   Section        4  usart.o(.data)
    .data                                    0x2000147c   Section        4  tim1.o(.data)
    .data                                    0x20001480   Section       20  stm32f10x_rcc.o(.data)
    APBAHBPrescTable                         0x20001480   Data          16  stm32f10x_rcc.o(.data)
    ADCPrescTable                            0x20001490   Data           4  stm32f10x_rcc.o(.data)
    .bss                                     0x20001494   Section    18000  step_motion.o(.bss)
    .bss                                     0x20005ae4   Section      600  usart.o(.bss)
    .bss                                     0x20005d3c   Section       96  libspace.o(.bss)
    HEAP                                     0x20005da0   Section      512  startup_stm32f10x_hd.o(HEAP)
    Heap_Mem                                 0x20005da0   Data         512  startup_stm32f10x_hd.o(HEAP)
    STACK                                    0x20005fa0   Section     1024  startup_stm32f10x_hd.o(STACK)
    Stack_Mem                                0x20005fa0   Data        1024  startup_stm32f10x_hd.o(STACK)
    __initial_sp                             0x200063a0   Data           0  startup_stm32f10x_hd.o(STACK)

    Global Symbols

    Symbol Name                              Value     Ov Type        Size  Object(Section)

    BuildAttributes$$THM_ISAv4$P$D$K$B$S$PE$A:L22UL41UL21$X:L11$S22US41US21$IEEE1$IW$USESV6$~STKCKD$USESV7$~SHL$OTIME$ROPI$IEEEX$EBA8$UX$STANDARDLIB$REQ8$PRES8$EABIv2 0x00000000   Number         0  anon$$obj.o ABSOLUTE
    __ARM_use_no_argv                        0x00000000   Number         0  main.o ABSOLUTE
    __ARM_exceptions_init                     - Undefined Weak Reference
    __alloca_initialize                       - Undefined Weak Reference
    __arm_preinit_                            - Undefined Weak Reference
    __cpp_initialize__aeabi_                  - Undefined Weak Reference
    __cxa_finalize                            - Undefined Weak Reference
    __rt_locale                               - Undefined Weak Reference
    __sigvec_lookup                           - Undefined Weak Reference
    _atexit_init                              - Undefined Weak Reference
    _call_atexit_fns                          - Undefined Weak Reference
    _clock_init                               - Undefined Weak Reference
    _fp_trap_init                             - Undefined Weak Reference
    _fp_trap_shutdown                         - Undefined Weak Reference
    _get_lc_collate                           - Undefined Weak Reference
    _get_lc_ctype                             - Undefined Weak Reference
    _get_lc_monetary                          - Undefined Weak Reference
    _get_lc_numeric                           - Undefined Weak Reference
    _get_lc_time                              - Undefined Weak Reference
    _getenv_init                              - Undefined Weak Reference
    _handle_redirection                       - Undefined Weak Reference
    _init_alloc                               - Undefined Weak Reference
    _init_user_alloc                          - Undefined Weak Reference
    _initio                                   - Undefined Weak Reference
    _rand_init                                - Undefined Weak Reference
    _signal_finish                            - Undefined Weak Reference
    _signal_init                              - Undefined Weak Reference
    _terminate_alloc                          - Undefined Weak Reference
    _terminate_user_alloc                     - Undefined Weak Reference
    _terminateio                              - Undefined Weak Reference
    __Vectors_Size                           0x00000130   Number         0  startup_stm32f10x_hd.o ABSOLUTE
    __Vectors                                0x08000000   Data           4  startup_stm32f10x_hd.o(RESET)
    __Vectors_End                            0x08000130   Data           0  startup_stm32f10x_hd.o(RESET)
    __main                                   0x08000131   Thumb Code     8  __main.o(!!!main)
    __scatterload                            0x08000139   Thumb Code     0  __scatter.o(!!!scatter)
    __scatterload_rt2                        0x08000139   Thumb Code    44  __scatter.o(!!!scatter)
    __scatterload_rt2_thumb_only             0x08000139   Thumb Code     0  __scatter.o(!!!scatter)
    __scatterload_null                       0x08000147   Thumb Code     0  __scatter.o(!!!scatter)
    __decompress                             0x0800016d   Thumb Code   100  __dclz77c.o(!!dclz77c)
    __decompress2                            0x0800016d   Thumb Code     0  __dclz77c.o(!!dclz77c)
    __scatterload_zeroinit                   0x080001d1   Thumb Code    28  __scatter_zi.o(!!handler_zi)
    __rt_lib_init                            0x080001ed   Thumb Code     0  libinit.o(.ARM.Collect$$libinit$$00000000)
    __rt_lib_init_alloca_1                   0x080001ef   Thumb Code     0  libinit2.o(.ARM.Collect$$libinit$$0000002E)
    __rt_lib_init_argv_1                     0x080001ef   Thumb Code     0  libinit2.o(.ARM.Collect$$libinit$$0000002C)
    __rt_lib_init_atexit_1                   0x080001ef   Thumb Code     0  libinit2.o(.ARM.Collect$$libinit$$0000001B)
    __rt_lib_init_clock_1                    0x080001ef   Thumb Code     0  libinit2.o(.ARM.Collect$$libinit$$00000021)
    __rt_lib_init_cpp_1                      0x080001ef   Thumb Code     0  libinit2.o(.ARM.Collect$$libinit$$00000032)
    __rt_lib_init_exceptions_1               0x080001ef   Thumb Code     0  libinit2.o(.ARM.Collect$$libinit$$00000030)
    __rt_lib_init_fp_1                       0x080001ef   Thumb Code     0  libinit2.o(.ARM.Collect$$libinit$$00000002)
    __rt_lib_init_fp_trap_1                  0x080001ef   Thumb Code     0  libinit2.o(.ARM.Collect$$libinit$$0000001F)
    __rt_lib_init_getenv_1                   0x080001ef   Thumb Code     0  libinit2.o(.ARM.Collect$$libinit$$00000023)
    __rt_lib_init_heap_1                     0x080001ef   Thumb Code     0  libinit2.o(.ARM.Collect$$libinit$$0000000A)
    __rt_lib_init_lc_collate_1               0x080001ef   Thumb Code     0  libinit2.o(.ARM.Collect$$libinit$$00000011)
    __rt_lib_init_lc_ctype_1                 0x080001ef   Thumb Code     0  libinit2.o(.ARM.Collect$$libinit$$00000013)
    __rt_lib_init_lc_monetary_1              0x080001ef   Thumb Code     0  libinit2.o(.ARM.Collect$$libinit$$00000015)
    __rt_lib_init_lc_numeric_1               0x080001ef   Thumb Code     0  libinit2.o(.ARM.Collect$$libinit$$00000017)
    __rt_lib_init_lc_time_1                  0x080001ef   Thumb Code     0  libinit2.o(.ARM.Collect$$libinit$$00000019)
    __rt_lib_init_preinit_1                  0x080001ef   Thumb Code     0  libinit2.o(.ARM.Collect$$libinit$$00000004)
    __rt_lib_init_rand_1                     0x080001ef   Thumb Code     0  libinit2.o(.ARM.Collect$$libinit$$0000000E)
    __rt_lib_init_return                     0x080001ef   Thumb Code     0  libinit2.o(.ARM.Collect$$libinit$$00000033)
    __rt_lib_init_signal_1                   0x080001ef   Thumb Code     0  libinit2.o(.ARM.Collect$$libinit$$0000001D)
    __rt_lib_init_stdio_1                    0x080001ef   Thumb Code     0  libinit2.o(.ARM.Collect$$libinit$$00000025)
    __rt_lib_init_user_alloc_1               0x080001ef   Thumb Code     0  libinit2.o(.ARM.Collect$$libinit$$0000000C)
    __rt_lib_shutdown                        0x080001f1   Thumb Code     0  libshutdown.o(.ARM.Collect$$libshutdown$$00000000)
    __rt_lib_shutdown_cpp_1                  0x080001f3   Thumb Code     0  libshutdown2.o(.ARM.Collect$$libshutdown$$00000002)
    __rt_lib_shutdown_fp_trap_1              0x080001f3   Thumb Code     0  libshutdown2.o(.ARM.Collect$$libshutdown$$00000007)
    __rt_lib_shutdown_heap_1                 0x080001f3   Thumb Code     0  libshutdown2.o(.ARM.Collect$$libshutdown$$0000000F)
    __rt_lib_shutdown_return                 0x080001f3   Thumb Code     0  libshutdown2.o(.ARM.Collect$$libshutdown$$00000010)
    __rt_lib_shutdown_signal_1               0x080001f3   Thumb Code     0  libshutdown2.o(.ARM.Collect$$libshutdown$$0000000A)
    __rt_lib_shutdown_stdio_1                0x080001f3   Thumb Code     0  libshutdown2.o(.ARM.Collect$$libshutdown$$00000004)
    __rt_lib_shutdown_user_alloc_1           0x080001f3   Thumb Code     0  libshutdown2.o(.ARM.Collect$$libshutdown$$0000000C)
    __rt_entry                               0x080001f5   Thumb Code     0  __rtentry.o(.ARM.Collect$$rtentry$$00000000)
    __rt_entry_presh_1                       0x080001f5   Thumb Code     0  __rtentry2.o(.ARM.Collect$$rtentry$$00000002)
    __rt_entry_sh                            0x080001f5   Thumb Code     0  __rtentry4.o(.ARM.Collect$$rtentry$$00000004)
    __rt_entry_li                            0x080001fb   Thumb Code     0  __rtentry2.o(.ARM.Collect$$rtentry$$0000000A)
    __rt_entry_postsh_1                      0x080001fb   Thumb Code     0  __rtentry2.o(.ARM.Collect$$rtentry$$00000009)
    __rt_entry_main                          0x080001ff   Thumb Code     0  __rtentry2.o(.ARM.Collect$$rtentry$$0000000D)
    __rt_entry_postli_1                      0x080001ff   Thumb Code     0  __rtentry2.o(.ARM.Collect$$rtentry$$0000000C)
    __rt_exit                                0x08000207   Thumb Code     0  rtexit.o(.ARM.Collect$$rtexit$$00000000)
    __rt_exit_ls                             0x08000209   Thumb Code     0  rtexit2.o(.ARM.Collect$$rtexit$$00000003)
    __rt_exit_prels_1                        0x08000209   Thumb Code     0  rtexit2.o(.ARM.Collect$$rtexit$$00000002)
    __rt_exit_exit                           0x0800020d   Thumb Code     0  rtexit2.o(.ARM.Collect$$rtexit$$00000004)
    main                                     0x08000215   Thumb Code    74  main.o(.text)
    NMI_Handler                              0x0800027d   Thumb Code     2  stm32f10x_it.o(.text)
    HardFault_Handler                        0x0800027f   Thumb Code     4  stm32f10x_it.o(.text)
    MemManage_Handler                        0x08000283   Thumb Code     4  stm32f10x_it.o(.text)
    BusFault_Handler                         0x08000287   Thumb Code     4  stm32f10x_it.o(.text)
    UsageFault_Handler                       0x0800028b   Thumb Code     4  stm32f10x_it.o(.text)
    SVC_Handler                              0x0800028f   Thumb Code     2  stm32f10x_it.o(.text)
    DebugMon_Handler                         0x08000291   Thumb Code     2  stm32f10x_it.o(.text)
    PendSV_Handler                           0x08000293   Thumb Code     2  stm32f10x_it.o(.text)
    SysTick_Handler                          0x08000295   Thumb Code     8  stm32f10x_it.o(.text)
    SystemInit                               0x0800037b   Thumb Code    78  system_stm32f10x.o(.text)
    SystemCoreClockUpdate                    0x080003c9   Thumb Code   142  system_stm32f10x.o(.text)
    KEY_Config                               0x0800047d   Thumb Code    40  key.o(.text)
    KEY_scan                                 0x080004a5   Thumb Code   142  key.o(.text)
    CalculateSModelLine                      0x08000559   Thumb Code   216  step_motion.o(.text)
    STEP_MOTION_CHANGE                       0x08000631   Thumb Code   156  step_motion.o(.text)
    TIM1_MOTION_WORK                         0x080006cd   Thumb Code   174  step_motion.o(.text)
    STEP_MOTION_IRQHandler                   0x0800077b   Thumb Code    20  step_motion.o(.text)
    TM1637_Delay_us                          0x080007b1   Thumb Code    12  tm1637.o(.text)
    TM1637_Start                             0x080007bd   Thumb Code    50  tm1637.o(.text)
    TM1637_Ack                               0x080007ef   Thumb Code    70  tm1637.o(.text)
    TM1637_Stop                              0x08000835   Thumb Code    72  tm1637.o(.text)
    TM1637_WriteByte                         0x0800087d   Thumb Code    86  tm1637.o(.text)
    TM1637_ScanKey                           0x080008d3   Thumb Code   112  tm1637.o(.text)
    TM1637_NixieTubeDisplayChar              0x08000943   Thumb Code    62  tm1637.o(.text)
    TM1637_NixieTubeDisplay                  0x08000981   Thumb Code   132  tm1637.o(.text)
    TM1637_NixieTubeDisplay_off              0x08000a05   Thumb Code   130  tm1637.o(.text)
    TM1637_Init                              0x08000a87   Thumb Code    66  tm1637.o(.text)
    SysTick_Init                             0x08000ae9   Thumb Code   106  delay.o(.text)
    delay_us                                 0x08000b53   Thumb Code    36  delay.o(.text)
    delay_ms                                 0x08000b77   Thumb Code    42  delay.o(.text)
    TIME_10ms                                0x08000ba1   Thumb Code     8  delay.o(.text)
    TIME_1s                                  0x08000ba9   Thumb Code    44  delay.o(.text)
    TimingDelay_Decrement                    0x08000bd5   Thumb Code   148  delay.o(.text)
    NVIC_Configuration                       0x08000c9d   Thumb Code    42  sys.o(.text)
    uart_init                                0x08000cc9   Thumb Code   372  usart.o(.text)
    USART1_IRQHandler                        0x08000e3d   Thumb Code   144  usart.o(.text)
    USART2_IRQHandler                        0x08000ecd   Thumb Code   102  usart.o(.text)
    UART_SendByte                            0x08000f33   Thumb Code    30  usart.o(.text)
    UART_SendString                          0x08000f51   Thumb Code    26  usart.o(.text)
    UART_SendData                            0x08000f6b   Thumb Code    34  usart.o(.text)
    TIM1_GPIO_Config                         0x08000fb1   Thumb Code    86  tim1.o(.text)
    TIM1_Mode_Config                         0x08001007   Thumb Code   168  tim1.o(.text)
    PWM_TIM1                                 0x080010af   Thumb Code   128  tim1.o(.text)
    TIM1_UP_IRQHandler                       0x0800112f   Thumb Code    10  tim1.o(.text)
    Reset_Handler                            0x08001145   Thumb Code     8  startup_stm32f10x_hd.o(.text)
    ADC1_2_IRQHandler                        0x0800115f   Thumb Code     0  startup_stm32f10x_hd.o(.text)
    ADC3_IRQHandler                          0x0800115f   Thumb Code     0  startup_stm32f10x_hd.o(.text)
    CAN1_RX1_IRQHandler                      0x0800115f   Thumb Code     0  startup_stm32f10x_hd.o(.text)
    CAN1_SCE_IRQHandler                      0x0800115f   Thumb Code     0  startup_stm32f10x_hd.o(.text)
    DMA1_Channel1_IRQHandler                 0x0800115f   Thumb Code     0  startup_stm32f10x_hd.o(.text)
    DMA1_Channel2_IRQHandler                 0x0800115f   Thumb Code     0  startup_stm32f10x_hd.o(.text)
    DMA1_Channel3_IRQHandler                 0x0800115f   Thumb Code     0  startup_stm32f10x_hd.o(.text)
    DMA1_Channel4_IRQHandler                 0x0800115f   Thumb Code     0  startup_stm32f10x_hd.o(.text)
    DMA1_Channel5_IRQHandler                 0x0800115f   Thumb Code     0  startup_stm32f10x_hd.o(.text)
    DMA1_Channel6_IRQHandler                 0x0800115f   Thumb Code     0  startup_stm32f10x_hd.o(.text)
    DMA1_Channel7_IRQHandler                 0x0800115f   Thumb Code     0  startup_stm32f10x_hd.o(.text)
    DMA2_Channel1_IRQHandler                 0x0800115f   Thumb Code     0  startup_stm32f10x_hd.o(.text)
    DMA2_Channel2_IRQHandler                 0x0800115f   Thumb Code     0  startup_stm32f10x_hd.o(.text)
    DMA2_Channel3_IRQHandler                 0x0800115f   Thumb Code     0  startup_stm32f10x_hd.o(.text)
    DMA2_Channel4_5_IRQHandler               0x0800115f   Thumb Code     0  startup_stm32f10x_hd.o(.text)
    EXTI0_IRQHandler                         0x0800115f   Thumb Code     0  startup_stm32f10x_hd.o(.text)
    EXTI15_10_IRQHandler                     0x0800115f   Thumb Code     0  startup_stm32f10x_hd.o(.text)
    EXTI1_IRQHandler                         0x0800115f   Thumb Code     0  startup_stm32f10x_hd.o(.text)
    EXTI2_IRQHandler                         0x0800115f   Thumb Code     0  startup_stm32f10x_hd.o(.text)
    EXTI3_IRQHandler                         0x0800115f   Thumb Code     0  startup_stm32f10x_hd.o(.text)
    EXTI4_IRQHandler                         0x0800115f   Thumb Code     0  startup_stm32f10x_hd.o(.text)
    EXTI9_5_IRQHandler                       0x0800115f   Thumb Code     0  startup_stm32f10x_hd.o(.text)
    FLASH_IRQHandler                         0x0800115f   Thumb Code     0  startup_stm32f10x_hd.o(.text)
    FSMC_IRQHandler                          0x0800115f   Thumb Code     0  startup_stm32f10x_hd.o(.text)
    I2C1_ER_IRQHandler                       0x0800115f   Thumb Code     0  startup_stm32f10x_hd.o(.text)
    I2C1_EV_IRQHandler                       0x0800115f   Thumb Code     0  startup_stm32f10x_hd.o(.text)
    I2C2_ER_IRQHandler                       0x0800115f   Thumb Code     0  startup_stm32f10x_hd.o(.text)
    I2C2_EV_IRQHandler                       0x0800115f   Thumb Code     0  startup_stm32f10x_hd.o(.text)
    PVD_IRQHandler                           0x0800115f   Thumb Code     0  startup_stm32f10x_hd.o(.text)
    RCC_IRQHandler                           0x0800115f   Thumb Code     0  startup_stm32f10x_hd.o(.text)
    RTCAlarm_IRQHandler                      0x0800115f   Thumb Code     0  startup_stm32f10x_hd.o(.text)
    RTC_IRQHandler                           0x0800115f   Thumb Code     0  startup_stm32f10x_hd.o(.text)
    SDIO_IRQHandler                          0x0800115f   Thumb Code     0  startup_stm32f10x_hd.o(.text)
    SPI1_IRQHandler                          0x0800115f   Thumb Code     0  startup_stm32f10x_hd.o(.text)
    SPI2_IRQHandler                          0x0800115f   Thumb Code     0  startup_stm32f10x_hd.o(.text)
    SPI3_IRQHandler                          0x0800115f   Thumb Code     0  startup_stm32f10x_hd.o(.text)
    TAMPER_IRQHandler                        0x0800115f   Thumb Code     0  startup_stm32f10x_hd.o(.text)
    TIM1_BRK_IRQHandler                      0x0800115f   Thumb Code     0  startup_stm32f10x_hd.o(.text)
    TIM1_CC_IRQHandler                       0x0800115f   Thumb Code     0  startup_stm32f10x_hd.o(.text)
    TIM1_TRG_COM_IRQHandler                  0x0800115f   Thumb Code     0  startup_stm32f10x_hd.o(.text)
    TIM2_IRQHandler                          0x0800115f   Thumb Code     0  startup_stm32f10x_hd.o(.text)
    TIM3_IRQHandler                          0x0800115f   Thumb Code     0  startup_stm32f10x_hd.o(.text)
    TIM4_IRQHandler                          0x0800115f   Thumb Code     0  startup_stm32f10x_hd.o(.text)
    TIM5_IRQHandler                          0x0800115f   Thumb Code     0  startup_stm32f10x_hd.o(.text)
    TIM6_IRQHandler                          0x0800115f   Thumb Code     0  startup_stm32f10x_hd.o(.text)
    TIM7_IRQHandler                          0x0800115f   Thumb Code     0  startup_stm32f10x_hd.o(.text)
    TIM8_BRK_IRQHandler                      0x0800115f   Thumb Code     0  startup_stm32f10x_hd.o(.text)
    TIM8_CC_IRQHandler                       0x0800115f   Thumb Code     0  startup_stm32f10x_hd.o(.text)
    TIM8_TRG_COM_IRQHandler                  0x0800115f   Thumb Code     0  startup_stm32f10x_hd.o(.text)
    TIM8_UP_IRQHandler                       0x0800115f   Thumb Code     0  startup_stm32f10x_hd.o(.text)
    UART4_IRQHandler                         0x0800115f   Thumb Code     0  startup_stm32f10x_hd.o(.text)
    UART5_IRQHandler                         0x0800115f   Thumb Code     0  startup_stm32f10x_hd.o(.text)
    USART3_IRQHandler                        0x0800115f   Thumb Code     0  startup_stm32f10x_hd.o(.text)
    USBWakeUp_IRQHandler                     0x0800115f   Thumb Code     0  startup_stm32f10x_hd.o(.text)
    USB_HP_CAN1_TX_IRQHandler                0x0800115f   Thumb Code     0  startup_stm32f10x_hd.o(.text)
    USB_LP_CAN1_RX0_IRQHandler               0x0800115f   Thumb Code     0  startup_stm32f10x_hd.o(.text)
    WWDG_IRQHandler                          0x0800115f   Thumb Code     0  startup_stm32f10x_hd.o(.text)
    __user_initial_stackheap                 0x08001161   Thumb Code     0  startup_stm32f10x_hd.o(.text)
    NVIC_PriorityGroupConfig                 0x08001185   Thumb Code    10  misc.o(.text)
    NVIC_Init                                0x0800118f   Thumb Code   100  misc.o(.text)
    NVIC_SetVectorTable                      0x080011f3   Thumb Code    14  misc.o(.text)
    NVIC_SystemLPConfig                      0x08001201   Thumb Code    34  misc.o(.text)
    SysTick_CLKSourceConfig                  0x08001223   Thumb Code    40  misc.o(.text)
    GPIO_DeInit                              0x08001261   Thumb Code   172  stm32f10x_gpio.o(.text)
    GPIO_AFIODeInit                          0x0800130d   Thumb Code    20  stm32f10x_gpio.o(.text)
    GPIO_Init                                0x08001321   Thumb Code   278  stm32f10x_gpio.o(.text)
    GPIO_StructInit                          0x08001437   Thumb Code    16  stm32f10x_gpio.o(.text)
    GPIO_ReadInputDataBit                    0x08001447   Thumb Code    18  stm32f10x_gpio.o(.text)
    GPIO_ReadInputData                       0x08001459   Thumb Code     8  stm32f10x_gpio.o(.text)
    GPIO_ReadOutputDataBit                   0x08001461   Thumb Code    18  stm32f10x_gpio.o(.text)
    GPIO_ReadOutputData                      0x08001473   Thumb Code     8  stm32f10x_gpio.o(.text)
    GPIO_SetBits                             0x0800147b   Thumb Code     4  stm32f10x_gpio.o(.text)
    GPIO_ResetBits                           0x0800147f   Thumb Code     4  stm32f10x_gpio.o(.text)
    GPIO_WriteBit                            0x08001483   Thumb Code    10  stm32f10x_gpio.o(.text)
    GPIO_Write                               0x0800148d   Thumb Code     4  stm32f10x_gpio.o(.text)
    GPIO_PinLockConfig                       0x08001491   Thumb Code    18  stm32f10x_gpio.o(.text)
    GPIO_EventOutputConfig                   0x080014a3   Thumb Code    26  stm32f10x_gpio.o(.text)
    GPIO_EventOutputCmd                      0x080014bd   Thumb Code     6  stm32f10x_gpio.o(.text)
    GPIO_PinRemapConfig                      0x080014c3   Thumb Code   138  stm32f10x_gpio.o(.text)
    GPIO_EXTILineConfig                      0x0800154d   Thumb Code    66  stm32f10x_gpio.o(.text)
    GPIO_ETH_MediaInterfaceConfig            0x0800158f   Thumb Code     8  stm32f10x_gpio.o(.text)
    RCC_DeInit                               0x080015bd   Thumb Code    64  stm32f10x_rcc.o(.text)
    RCC_HSEConfig                            0x080015fd   Thumb Code    70  stm32f10x_rcc.o(.text)
    RCC_GetFlagStatus                        0x08001643   Thumb Code    56  stm32f10x_rcc.o(.text)
    RCC_WaitForHSEStartUp                    0x0800167b   Thumb Code    56  stm32f10x_rcc.o(.text)
    RCC_AdjustHSICalibrationValue            0x080016b3   Thumb Code    20  stm32f10x_rcc.o(.text)
    RCC_HSICmd                               0x080016c7   Thumb Code     6  stm32f10x_rcc.o(.text)
    RCC_PLLConfig                            0x080016cd   Thumb Code    24  stm32f10x_rcc.o(.text)
    RCC_PLLCmd                               0x080016e5   Thumb Code     6  stm32f10x_rcc.o(.text)
    RCC_SYSCLKConfig                         0x080016eb   Thumb Code    18  stm32f10x_rcc.o(.text)
    RCC_GetSYSCLKSource                      0x080016fd   Thumb Code    10  stm32f10x_rcc.o(.text)
    RCC_HCLKConfig                           0x08001707   Thumb Code    18  stm32f10x_rcc.o(.text)
    RCC_PCLK1Config                          0x08001719   Thumb Code    18  stm32f10x_rcc.o(.text)
    RCC_PCLK2Config                          0x0800172b   Thumb Code    20  stm32f10x_rcc.o(.text)
    RCC_ITConfig                             0x0800173f   Thumb Code    26  stm32f10x_rcc.o(.text)
    RCC_USBCLKConfig                         0x08001759   Thumb Code     8  stm32f10x_rcc.o(.text)
    RCC_ADCCLKConfig                         0x08001761   Thumb Code    18  stm32f10x_rcc.o(.text)
    RCC_LSEConfig                            0x08001773   Thumb Code    50  stm32f10x_rcc.o(.text)
    RCC_LSICmd                               0x080017a5   Thumb Code     6  stm32f10x_rcc.o(.text)
    RCC_RTCCLKConfig                         0x080017ab   Thumb Code    12  stm32f10x_rcc.o(.text)
    RCC_RTCCLKCmd                            0x080017b7   Thumb Code     8  stm32f10x_rcc.o(.text)
    RCC_GetClocksFreq                        0x080017bf   Thumb Code   192  stm32f10x_rcc.o(.text)
    RCC_AHBPeriphClockCmd                    0x0800187f   Thumb Code    26  stm32f10x_rcc.o(.text)
    RCC_APB2PeriphClockCmd                   0x08001899   Thumb Code    26  stm32f10x_rcc.o(.text)
    RCC_APB1PeriphClockCmd                   0x080018b3   Thumb Code    26  stm32f10x_rcc.o(.text)
    RCC_APB2PeriphResetCmd                   0x080018cd   Thumb Code    26  stm32f10x_rcc.o(.text)
    RCC_APB1PeriphResetCmd                   0x080018e7   Thumb Code    26  stm32f10x_rcc.o(.text)
    RCC_BackupResetCmd                       0x08001901   Thumb Code     8  stm32f10x_rcc.o(.text)
    RCC_ClockSecuritySystemCmd               0x08001909   Thumb Code     6  stm32f10x_rcc.o(.text)
    RCC_MCOConfig                            0x0800190f   Thumb Code     6  stm32f10x_rcc.o(.text)
    RCC_ClearFlag                            0x08001915   Thumb Code    14  stm32f10x_rcc.o(.text)
    RCC_GetITStatus                          0x08001923   Thumb Code    20  stm32f10x_rcc.o(.text)
    RCC_ClearITPendingBit                    0x08001937   Thumb Code     6  stm32f10x_rcc.o(.text)
    USART_DeInit                             0x08001961   Thumb Code   134  stm32f10x_usart.o(.text)
    USART_Init                               0x080019e7   Thumb Code   210  stm32f10x_usart.o(.text)
    USART_StructInit                         0x08001ab9   Thumb Code    24  stm32f10x_usart.o(.text)
    USART_ClockInit                          0x08001ad1   Thumb Code    34  stm32f10x_usart.o(.text)
    USART_ClockStructInit                    0x08001af3   Thumb Code    12  stm32f10x_usart.o(.text)
    USART_Cmd                                0x08001aff   Thumb Code    24  stm32f10x_usart.o(.text)
    USART_ITConfig                           0x08001b17   Thumb Code    74  stm32f10x_usart.o(.text)
    USART_DMACmd                             0x08001b61   Thumb Code    18  stm32f10x_usart.o(.text)
    USART_SetAddress                         0x08001b73   Thumb Code    18  stm32f10x_usart.o(.text)
    USART_WakeUpConfig                       0x08001b85   Thumb Code    18  stm32f10x_usart.o(.text)
    USART_ReceiverWakeUpCmd                  0x08001b97   Thumb Code    24  stm32f10x_usart.o(.text)
    USART_LINBreakDetectLengthConfig         0x08001baf   Thumb Code    18  stm32f10x_usart.o(.text)
    USART_LINCmd                             0x08001bc1   Thumb Code    24  stm32f10x_usart.o(.text)
    USART_SendData                           0x08001bd9   Thumb Code     8  stm32f10x_usart.o(.text)
    USART_ReceiveData                        0x08001be1   Thumb Code    10  stm32f10x_usart.o(.text)
    USART_SendBreak                          0x08001beb   Thumb Code    10  stm32f10x_usart.o(.text)
    USART_SetGuardTime                       0x08001bf5   Thumb Code    16  stm32f10x_usart.o(.text)
    USART_SetPrescaler                       0x08001c05   Thumb Code    16  stm32f10x_usart.o(.text)
    USART_SmartCardCmd                       0x08001c15   Thumb Code    24  stm32f10x_usart.o(.text)
    USART_SmartCardNACKCmd                   0x08001c2d   Thumb Code    24  stm32f10x_usart.o(.text)
    USART_HalfDuplexCmd                      0x08001c45   Thumb Code    24  stm32f10x_usart.o(.text)
    USART_OverSampling8Cmd                   0x08001c5d   Thumb Code    22  stm32f10x_usart.o(.text)
    USART_OneBitMethodCmd                    0x08001c73   Thumb Code    24  stm32f10x_usart.o(.text)
    USART_IrDAConfig                         0x08001c8b   Thumb Code    18  stm32f10x_usart.o(.text)
    USART_IrDACmd                            0x08001c9d   Thumb Code    24  stm32f10x_usart.o(.text)
    USART_GetFlagStatus                      0x08001cb5   Thumb Code    26  stm32f10x_usart.o(.text)
    USART_ClearFlag                          0x08001ccf   Thumb Code    18  stm32f10x_usart.o(.text)
    USART_GetITStatus                        0x08001ce1   Thumb Code    84  stm32f10x_usart.o(.text)
    USART_ClearITPendingBit                  0x08001d35   Thumb Code    52  stm32f10x_usart.o(.text)
    TIM_DeInit                               0x08001d69   Thumb Code   424  stm32f10x_tim.o(.text)
    TIM_TimeBaseInit                         0x08001f11   Thumb Code   122  stm32f10x_tim.o(.text)
    TIM_OC1Init                              0x08001f8b   Thumb Code   132  stm32f10x_tim.o(.text)
    TIM_OC2Init                              0x0800200f   Thumb Code   154  stm32f10x_tim.o(.text)
    TIM_OC3Init                              0x080020a9   Thumb Code   150  stm32f10x_tim.o(.text)
    TIM_OC4Init                              0x0800213f   Thumb Code   182  stm32f10x_tim.o(.text)
    TIM_SetIC4Prescaler                      0x080021f5   Thumb Code    26  stm32f10x_tim.o(.text)
    TIM_SetIC3Prescaler                      0x08002291   Thumb Code    18  stm32f10x_tim.o(.text)
    TIM_SetIC2Prescaler                      0x0800231d   Thumb Code    26  stm32f10x_tim.o(.text)
    TIM_SetIC1Prescaler                      0x080023b9   Thumb Code    18  stm32f10x_tim.o(.text)
    TIM_ICInit                               0x08002437   Thumb Code   150  stm32f10x_tim.o(.text)
    TIM_PWMIConfig                           0x080024cd   Thumb Code   124  stm32f10x_tim.o(.text)
    TIM_BDTRConfig                           0x08002549   Thumb Code    32  stm32f10x_tim.o(.text)
    TIM_TimeBaseStructInit                   0x08002569   Thumb Code    18  stm32f10x_tim.o(.text)
    TIM_OCStructInit                         0x0800257b   Thumb Code    20  stm32f10x_tim.o(.text)
    TIM_ICStructInit                         0x0800258f   Thumb Code    18  stm32f10x_tim.o(.text)
    TIM_BDTRStructInit                       0x080025a1   Thumb Code    40  stm32f10x_tim.o(.text)
    TIM_Cmd                                  0x080025c9   Thumb Code    24  stm32f10x_tim.o(.text)
    TIM_CtrlPWMOutputs                       0x080025e1   Thumb Code    30  stm32f10x_tim.o(.text)
    TIM_ITConfig                             0x080025ff   Thumb Code    18  stm32f10x_tim.o(.text)
    TIM_GenerateEvent                        0x08002611   Thumb Code     4  stm32f10x_tim.o(.text)
    TIM_DMAConfig                            0x08002615   Thumb Code    10  stm32f10x_tim.o(.text)
    TIM_DMACmd                               0x0800261f   Thumb Code    18  stm32f10x_tim.o(.text)
    TIM_InternalClockConfig                  0x08002631   Thumb Code    12  stm32f10x_tim.o(.text)
    TIM_SelectInputTrigger                   0x0800263d   Thumb Code    18  stm32f10x_tim.o(.text)
    TIM_ITRxExternalClockConfig              0x0800264f   Thumb Code    24  stm32f10x_tim.o(.text)
    TIM_TIxExternalClockConfig               0x08002667   Thumb Code    62  stm32f10x_tim.o(.text)
    TIM_ETRConfig                            0x080026a5   Thumb Code    28  stm32f10x_tim.o(.text)
    TIM_ETRClockMode1Config                  0x080026c1   Thumb Code    54  stm32f10x_tim.o(.text)
    TIM_ETRClockMode2Config                  0x080026f7   Thumb Code    32  stm32f10x_tim.o(.text)
    TIM_PrescalerConfig                      0x08002717   Thumb Code     6  stm32f10x_tim.o(.text)
    TIM_CounterModeConfig                    0x0800271d   Thumb Code    18  stm32f10x_tim.o(.text)
    TIM_EncoderInterfaceConfig               0x0800272f   Thumb Code    66  stm32f10x_tim.o(.text)
    TIM_ForcedOC1Config                      0x08002771   Thumb Code    18  stm32f10x_tim.o(.text)
    TIM_ForcedOC2Config                      0x08002783   Thumb Code    26  stm32f10x_tim.o(.text)
    TIM_ForcedOC3Config                      0x0800279d   Thumb Code    18  stm32f10x_tim.o(.text)
    TIM_ForcedOC4Config                      0x080027af   Thumb Code    26  stm32f10x_tim.o(.text)
    TIM_ARRPreloadConfig                     0x080027c9   Thumb Code    24  stm32f10x_tim.o(.text)
    TIM_SelectCOM                            0x080027e1   Thumb Code    24  stm32f10x_tim.o(.text)
    TIM_SelectCCDMA                          0x080027f9   Thumb Code    24  stm32f10x_tim.o(.text)
    TIM_CCPreloadControl                     0x08002811   Thumb Code    24  stm32f10x_tim.o(.text)
    TIM_OC1PreloadConfig                     0x08002829   Thumb Code    18  stm32f10x_tim.o(.text)
    TIM_OC2PreloadConfig                     0x0800283b   Thumb Code    26  stm32f10x_tim.o(.text)
    TIM_OC3PreloadConfig                     0x08002855   Thumb Code    18  stm32f10x_tim.o(.text)
    TIM_OC4PreloadConfig                     0x08002867   Thumb Code    26  stm32f10x_tim.o(.text)
    TIM_OC1FastConfig                        0x08002881   Thumb Code    18  stm32f10x_tim.o(.text)
    TIM_OC2FastConfig                        0x08002893   Thumb Code    26  stm32f10x_tim.o(.text)
    TIM_OC3FastConfig                        0x080028ad   Thumb Code    18  stm32f10x_tim.o(.text)
    TIM_OC4FastConfig                        0x080028bf   Thumb Code    26  stm32f10x_tim.o(.text)
    TIM_ClearOC1Ref                          0x080028d9   Thumb Code    18  stm32f10x_tim.o(.text)
    TIM_ClearOC2Ref                          0x080028eb   Thumb Code    24  stm32f10x_tim.o(.text)
    TIM_ClearOC3Ref                          0x08002903   Thumb Code    18  stm32f10x_tim.o(.text)
    TIM_ClearOC4Ref                          0x08002915   Thumb Code    24  stm32f10x_tim.o(.text)
    TIM_OC1PolarityConfig                    0x0800292d   Thumb Code    18  stm32f10x_tim.o(.text)
    TIM_OC1NPolarityConfig                   0x0800293f   Thumb Code    18  stm32f10x_tim.o(.text)
    TIM_OC2PolarityConfig                    0x08002951   Thumb Code    26  stm32f10x_tim.o(.text)
    TIM_OC2NPolarityConfig                   0x0800296b   Thumb Code    26  stm32f10x_tim.o(.text)
    TIM_OC3PolarityConfig                    0x08002985   Thumb Code    26  stm32f10x_tim.o(.text)
    TIM_OC3NPolarityConfig                   0x0800299f   Thumb Code    26  stm32f10x_tim.o(.text)
    TIM_OC4PolarityConfig                    0x080029b9   Thumb Code    26  stm32f10x_tim.o(.text)
    TIM_CCxCmd                               0x080029d3   Thumb Code    30  stm32f10x_tim.o(.text)
    TIM_CCxNCmd                              0x080029f1   Thumb Code    30  stm32f10x_tim.o(.text)
    TIM_SelectOCxM                           0x08002a0f   Thumb Code    82  stm32f10x_tim.o(.text)
    TIM_UpdateDisableConfig                  0x08002a61   Thumb Code    24  stm32f10x_tim.o(.text)
    TIM_UpdateRequestConfig                  0x08002a79   Thumb Code    24  stm32f10x_tim.o(.text)
    TIM_SelectHallSensor                     0x08002a91   Thumb Code    24  stm32f10x_tim.o(.text)
    TIM_SelectOnePulseMode                   0x08002aa9   Thumb Code    18  stm32f10x_tim.o(.text)
    TIM_SelectOutputTrigger                  0x08002abb   Thumb Code    18  stm32f10x_tim.o(.text)
    TIM_SelectSlaveMode                      0x08002acd   Thumb Code    18  stm32f10x_tim.o(.text)
    TIM_SelectMasterSlaveMode                0x08002adf   Thumb Code    18  stm32f10x_tim.o(.text)
    TIM_SetCounter                           0x08002af1   Thumb Code     4  stm32f10x_tim.o(.text)
    TIM_SetAutoreload                        0x08002af5   Thumb Code     4  stm32f10x_tim.o(.text)
    TIM_SetCompare1                          0x08002af9   Thumb Code     4  stm32f10x_tim.o(.text)
    TIM_SetCompare2                          0x08002afd   Thumb Code     4  stm32f10x_tim.o(.text)
    TIM_SetCompare3                          0x08002b01   Thumb Code     4  stm32f10x_tim.o(.text)
    TIM_SetCompare4                          0x08002b05   Thumb Code     6  stm32f10x_tim.o(.text)
    TIM_SetClockDivision                     0x08002b0b   Thumb Code    18  stm32f10x_tim.o(.text)
    TIM_GetCapture1                          0x08002b1d   Thumb Code     6  stm32f10x_tim.o(.text)
    TIM_GetCapture2                          0x08002b23   Thumb Code     6  stm32f10x_tim.o(.text)
    TIM_GetCapture3                          0x08002b29   Thumb Code     6  stm32f10x_tim.o(.text)
    TIM_GetCapture4                          0x08002b2f   Thumb Code     8  stm32f10x_tim.o(.text)
    TIM_GetCounter                           0x08002b37   Thumb Code     6  stm32f10x_tim.o(.text)
    TIM_GetPrescaler                         0x08002b3d   Thumb Code     6  stm32f10x_tim.o(.text)
    TIM_GetFlagStatus                        0x08002b43   Thumb Code    18  stm32f10x_tim.o(.text)
    TIM_ClearFlag                            0x08002b55   Thumb Code     6  stm32f10x_tim.o(.text)
    TIM_GetITStatus                          0x08002b5b   Thumb Code    34  stm32f10x_tim.o(.text)
    TIM_ClearITPendingBit                    0x08002b7d   Thumb Code     6  stm32f10x_tim.o(.text)
    __use_two_region_memory                  0x08002b83   Thumb Code     2  heapauxi.o(.text)
    __rt_heap_escrow$2region                 0x08002b85   Thumb Code     2  heapauxi.o(.text)
    __rt_heap_expand$2region                 0x08002b87   Thumb Code     2  heapauxi.o(.text)
    __read_errno                             0x08002b89   Thumb Code    10  _rserrno.o(.text)
    __set_errno                              0x08002b93   Thumb Code    12  _rserrno.o(.text)
    __aeabi_errno_addr                       0x08002ba1   Thumb Code     8  rt_errno_addr_intlibspace.o(.text)
    __errno$intlibspace                      0x08002ba1   Thumb Code     0  rt_errno_addr_intlibspace.o(.text)
    __rt_errno_addr$intlibspace              0x08002ba1   Thumb Code     0  rt_errno_addr_intlibspace.o(.text)
    __user_libspace                          0x08002ba9   Thumb Code     8  libspace.o(.text)
    __user_perproc_libspace                  0x08002ba9   Thumb Code     0  libspace.o(.text)
    __user_perthread_libspace                0x08002ba9   Thumb Code     0  libspace.o(.text)
    __user_setup_stackheap                   0x08002bb1   Thumb Code    74  sys_stackheap_outer.o(.text)
    exit                                     0x08002bfb   Thumb Code    18  exit.o(.text)
    _sys_exit                                0x08002c0d   Thumb Code     8  sys_exit.o(.text)
    __I$use$semihosting                      0x08002c19   Thumb Code     0  use_no_semi.o(.text)
    __use_no_semihosting_swi                 0x08002c19   Thumb Code     2  use_no_semi.o(.text)
    __ARM_fpclassifyf                        0x08002c1b   Thumb Code    38  fpclassifyf.o(i.__ARM_fpclassifyf)
    __semihosting_library_function           0x08002c1b   Thumb Code     0  indicate_semi.o(.text)
    __mathlib_flt_infnan                     0x08002c41   Thumb Code     6  funder.o(i.__mathlib_flt_infnan)
    __mathlib_flt_overflow                   0x08002c47   Thumb Code    10  funder.o(i.__mathlib_flt_overflow)
    __mathlib_flt_underflow                  0x08002c51   Thumb Code    10  funder.o(i.__mathlib_flt_underflow)
    __mathlib_expf                           0x08002c5d   Thumb Code     0  expf.o(i.expf)
    expf                                     0x08002c5d   Thumb Code   322  expf.o(i.expf)
    __aeabi_d2f                              0x08002dcd   Thumb Code     0  d2f.o(x$fpl$d2f)
    _d2f                                     0x08002dcd   Thumb Code    98  d2f.o(x$fpl$d2f)
    __aeabi_ddiv                             0x08002e31   Thumb Code     0  ddiv.o(x$fpl$ddiv)
    _ddiv                                    0x08002e31   Thumb Code   552  ddiv.o(x$fpl$ddiv)
    __aeabi_d2uiz                            0x080030e1   Thumb Code     0  dfixu.o(x$fpl$dfixu)
    _dfixu                                   0x080030e1   Thumb Code    90  dfixu.o(x$fpl$dfixu)
    __fpl_dnaninf                            0x0800313b   Thumb Code   156  dnaninf.o(x$fpl$dnaninf)
    __fpl_dretinf                            0x080031d7   Thumb Code    12  dretinf.o(x$fpl$dretinf)
    __aeabi_f2d                              0x080031e5   Thumb Code     0  f2d.o(x$fpl$f2d)
    _f2d                                     0x080031e5   Thumb Code    86  f2d.o(x$fpl$f2d)
    __aeabi_fadd                             0x0800323d   Thumb Code     0  faddsub_clz.o(x$fpl$fadd)
    _fadd                                    0x0800323d   Thumb Code   196  faddsub_clz.o(x$fpl$fadd)
    __fpl_fcheck_NaN1                        0x08003301   Thumb Code     6  fcheck1.o(x$fpl$fcheck1)
    __fpl_fcmp_Inf                           0x0800330d   Thumb Code    24  fcmpi.o(x$fpl$fcmpinf)
    __aeabi_fdiv                             0x08003325   Thumb Code     0  fdiv.o(x$fpl$fdiv)
    _fdiv                                    0x08003325   Thumb Code   384  fdiv.o(x$fpl$fdiv)
    __aeabi_f2iz                             0x080034a9   Thumb Code     0  ffix.o(x$fpl$ffix)
    _ffix                                    0x080034a9   Thumb Code    54  ffix.o(x$fpl$ffix)
    __aeabi_i2f                              0x080034e1   Thumb Code     0  fflt_clz.o(x$fpl$fflt)
    _fflt                                    0x080034e1   Thumb Code    48  fflt_clz.o(x$fpl$fflt)
    __aeabi_cfcmple                          0x08003511   Thumb Code     0  fleqf.o(x$fpl$fleqf)
    _fcmple                                  0x08003511   Thumb Code   104  fleqf.o(x$fpl$fleqf)
    __fpl_fcmple_InfNaN                      0x08003563   Thumb Code     0  fleqf.o(x$fpl$fleqf)
    __aeabi_fmul                             0x08003579   Thumb Code     0  fmul.o(x$fpl$fmul)
    _fmul                                    0x08003579   Thumb Code   258  fmul.o(x$fpl$fmul)
    __fpl_fnaninf                            0x0800367b   Thumb Code   140  fnaninf.o(x$fpl$fnaninf)
    __fpl_fretinf                            0x08003707   Thumb Code    10  fretinf.o(x$fpl$fretinf)
    _frnd                                    0x08003711   Thumb Code    96  frnd.o(x$fpl$frnd)
    __aeabi_frsub                            0x08003771   Thumb Code     0  faddsub_clz.o(x$fpl$frsb)
    _frsb                                    0x08003771   Thumb Code    20  faddsub_clz.o(x$fpl$frsb)
    __aeabi_fsub                             0x08003785   Thumb Code     0  faddsub_clz.o(x$fpl$fsub)
    _fsub                                    0x08003785   Thumb Code   234  faddsub_clz.o(x$fpl$fsub)
    __fpl_return_NaN                         0x0800386f   Thumb Code   100  retnan.o(x$fpl$retnan)
    __ARM_scalbnf                            0x080038d3   Thumb Code    76  scalbnf.o(x$fpl$scalbnf)
    __fpl_cmpreturn                          0x0800391f   Thumb Code    48  trapv.o(x$fpl$trapveneer)
    __I$use$fp                               0x0800394e   Number         0  usenofp.o(x$fpl$usenofp)
    Region$$Table$$Base                      0x08003980   Number         0  anon$$obj.o(Region$$Table)
    Region$$Table$$Limit                     0x080039a0   Number         0  anon$$obj.o(Region$$Table)
    BMP1                                     0x20000000   Data        1024  main.o(.data)
    BMP2                                     0x20000400   Data        1024  main.o(.data)
    BMP3                                     0x20000800   Data        1024  main.o(.data)
    BMP4                                     0x20000c00   Data        1024  main.o(.data)
    BMP5                                     0x20001000   Data        1024  main.o(.data)
    Flag_USART2                              0x20001400   Data           4  main.o(.data)
    Flag_USART1                              0x20001404   Data           4  main.o(.data)
    Flag_Bluetooth                           0x20001408   Data           4  main.o(.data)
    A                                        0x2000140c   Data           5  main.o(.data)
    SystemCoreClock                          0x20001414   Data           4  system_stm32f10x.o(.data)
    AHBPrescTable                            0x20001418   Data          16  system_stm32f10x.o(.data)
    step_to_run                              0x2000142c   Data           4  step_motion.o(.data)
    MOTION_STATUS                            0x20001430   Data           4  step_motion.o(.data)
    temp                                     0x20001438   Data           1  tm1637.o(.data)
    NumDis                                   0x20001439   Data          24  tm1637.o(.data)
    time_10us                                0x20001458   Data           4  delay.o(.data)
    time_1ms                                 0x2000145c   Data           4  delay.o(.data)
    time_10ms                                0x20001460   Data           4  delay.o(.data)
    time_1s                                  0x20001464   Data           4  delay.o(.data)
    time_imint                               0x20001468   Data           4  delay.o(.data)
    WORK_STATUS                              0x20001470   Data           4  sys.o(.data)
    MODE_STATUS                              0x20001474   Data           4  sys.o(.data)
    Rxlen1                                   0x20001478   Data           1  usart.o(.data)
    Rxlen2                                   0x20001479   Data           1  usart.o(.data)
    USART_RX_STA                             0x2000147a   Data           2  usart.o(.data)
    CCR2_Val                                 0x2000147c   Data           2  tim1.o(.data)
    CCR3_Val                                 0x2000147e   Data           2  tim1.o(.data)
    period                                   0x20001494   Data        6000  step_motion.o(.bss)
    fre                                      0x20002c04   Data       12000  step_motion.o(.bss)
    Rxbuffer1                                0x20005ae4   Data         200  usart.o(.bss)
    Rxbuffer2                                0x20005bac   Data         200  usart.o(.bss)
    Txbuffer2                                0x20005c74   Data         200  usart.o(.bss)
    __libspace_start                         0x20005d3c   Data          96  libspace.o(.bss)
    __temporary_stack_top$libspace           0x20005d9c   Data           0  libspace.o(.bss)



==============================================================================

Memory Map of the image

  Image Entry point : 0x08000131

  Load Region LR_IROM1 (Base: 0x08000000, Size: 0x00004e34, Max: 0x00040000, ABSOLUTE, COMPRESSED[0x00003e88])

    Execution Region ER_IROM1 (Base: 0x08000000, Size: 0x000039a0, Max: 0x00040000, ABSOLUTE)

    Base Addr    Size         Type   Attr      Idx    E Section Name        Object

    0x08000000   0x00000130   Data   RO          359    RESET               startup_stm32f10x_hd.o
    0x08000130   0x00000008   Code   RO          430  * !!!main             c_w.l(__main.o)
    0x08000138   0x00000034   Code   RO          681    !!!scatter          c_w.l(__scatter.o)
    0x0800016c   0x00000064   Code   RO          679    !!dclz77c           c_w.l(__dclz77c.o)
    0x080001d0   0x0000001c   Code   RO          683    !!handler_zi        c_w.l(__scatter_zi.o)
    0x080001ec   0x00000002   Code   RO          548    .ARM.Collect$$libinit$$00000000  c_w.l(libinit.o)
    0x080001ee   0x00000000   Code   RO          554    .ARM.Collect$$libinit$$00000002  c_w.l(libinit2.o)
    0x080001ee   0x00000000   Code   RO          556    .ARM.Collect$$libinit$$00000004  c_w.l(libinit2.o)
    0x080001ee   0x00000000   Code   RO          559    .ARM.Collect$$libinit$$0000000A  c_w.l(libinit2.o)
    0x080001ee   0x00000000   Code   RO          561    .ARM.Collect$$libinit$$0000000C  c_w.l(libinit2.o)
    0x080001ee   0x00000000   Code   RO          563    .ARM.Collect$$libinit$$0000000E  c_w.l(libinit2.o)
    0x080001ee   0x00000000   Code   RO          566    .ARM.Collect$$libinit$$00000011  c_w.l(libinit2.o)
    0x080001ee   0x00000000   Code   RO          568    .ARM.Collect$$libinit$$00000013  c_w.l(libinit2.o)
    0x080001ee   0x00000000   Code   RO          570    .ARM.Collect$$libinit$$00000015  c_w.l(libinit2.o)
    0x080001ee   0x00000000   Code   RO          572    .ARM.Collect$$libinit$$00000017  c_w.l(libinit2.o)
    0x080001ee   0x00000000   Code   RO          574    .ARM.Collect$$libinit$$00000019  c_w.l(libinit2.o)
    0x080001ee   0x00000000   Code   RO          576    .ARM.Collect$$libinit$$0000001B  c_w.l(libinit2.o)
    0x080001ee   0x00000000   Code   RO          578    .ARM.Collect$$libinit$$0000001D  c_w.l(libinit2.o)
    0x080001ee   0x00000000   Code   RO          580    .ARM.Collect$$libinit$$0000001F  c_w.l(libinit2.o)
    0x080001ee   0x00000000   Code   RO          582    .ARM.Collect$$libinit$$00000021  c_w.l(libinit2.o)
    0x080001ee   0x00000000   Code   RO          584    .ARM.Collect$$libinit$$00000023  c_w.l(libinit2.o)
    0x080001ee   0x00000000   Code   RO          586    .ARM.Collect$$libinit$$00000025  c_w.l(libinit2.o)
    0x080001ee   0x00000000   Code   RO          590    .ARM.Collect$$libinit$$0000002C  c_w.l(libinit2.o)
    0x080001ee   0x00000000   Code   RO          592    .ARM.Collect$$libinit$$0000002E  c_w.l(libinit2.o)
    0x080001ee   0x00000000   Code   RO          594    .ARM.Collect$$libinit$$00000030  c_w.l(libinit2.o)
    0x080001ee   0x00000000   Code   RO          596    .ARM.Collect$$libinit$$00000032  c_w.l(libinit2.o)
    0x080001ee   0x00000002   Code   RO          597    .ARM.Collect$$libinit$$00000033  c_w.l(libinit2.o)
    0x080001f0   0x00000002   Code   RO          619    .ARM.Collect$$libshutdown$$00000000  c_w.l(libshutdown.o)
    0x080001f2   0x00000000   Code   RO          632    .ARM.Collect$$libshutdown$$00000002  c_w.l(libshutdown2.o)
    0x080001f2   0x00000000   Code   RO          634    .ARM.Collect$$libshutdown$$00000004  c_w.l(libshutdown2.o)
    0x080001f2   0x00000000   Code   RO          637    .ARM.Collect$$libshutdown$$00000007  c_w.l(libshutdown2.o)
    0x080001f2   0x00000000   Code   RO          640    .ARM.Collect$$libshutdown$$0000000A  c_w.l(libshutdown2.o)
    0x080001f2   0x00000000   Code   RO          642    .ARM.Collect$$libshutdown$$0000000C  c_w.l(libshutdown2.o)
    0x080001f2   0x00000000   Code   RO          645    .ARM.Collect$$libshutdown$$0000000F  c_w.l(libshutdown2.o)
    0x080001f2   0x00000002   Code   RO          646    .ARM.Collect$$libshutdown$$00000010  c_w.l(libshutdown2.o)
    0x080001f4   0x00000000   Code   RO          474    .ARM.Collect$$rtentry$$00000000  c_w.l(__rtentry.o)
    0x080001f4   0x00000000   Code   RO          515    .ARM.Collect$$rtentry$$00000002  c_w.l(__rtentry2.o)
    0x080001f4   0x00000006   Code   RO          527    .ARM.Collect$$rtentry$$00000004  c_w.l(__rtentry4.o)
    0x080001fa   0x00000000   Code   RO          517    .ARM.Collect$$rtentry$$00000009  c_w.l(__rtentry2.o)
    0x080001fa   0x00000004   Code   RO          518    .ARM.Collect$$rtentry$$0000000A  c_w.l(__rtentry2.o)
    0x080001fe   0x00000000   Code   RO          520    .ARM.Collect$$rtentry$$0000000C  c_w.l(__rtentry2.o)
    0x080001fe   0x00000008   Code   RO          521    .ARM.Collect$$rtentry$$0000000D  c_w.l(__rtentry2.o)
    0x08000206   0x00000002   Code   RO          551    .ARM.Collect$$rtexit$$00000000  c_w.l(rtexit.o)
    0x08000208   0x00000000   Code   RO          601    .ARM.Collect$$rtexit$$00000002  c_w.l(rtexit2.o)
    0x08000208   0x00000004   Code   RO          602    .ARM.Collect$$rtexit$$00000003  c_w.l(rtexit2.o)
    0x0800020c   0x00000006   Code   RO          603    .ARM.Collect$$rtexit$$00000004  c_w.l(rtexit2.o)
    0x08000212   0x00000002   PAD
    0x08000214   0x00000068   Code   RO            1    .text               main.o
    0x0800027c   0x00000020   Code   RO          104    .text               stm32f10x_it.o
    0x0800029c   0x000001e0   Code   RO          136    .text               system_stm32f10x.o
    0x0800047c   0x000000dc   Code   RO          191    .text               key.o
    0x08000558   0x00000258   Code   RO          205    .text               step_motion.o
    0x080007b0   0x00000338   Code   RO          222    .text               tm1637.o
    0x08000ae8   0x000001b4   Code   RO          237    .text               delay.o
    0x08000c9c   0x0000002a   Code   RO          261    .text               sys.o
    0x08000cc6   0x00000002   PAD
    0x08000cc8   0x000002e8   Code   RO          276    .text               usart.o
    0x08000fb0   0x00000194   Code   RO          331    .text               tim1.o
    0x08001144   0x00000040   Code   RO          360    .text               startup_stm32f10x_hd.o
    0x08001184   0x000000dc   Code   RO          364    .text               misc.o
    0x08001260   0x0000035c   Code   RO          376    .text               stm32f10x_gpio.o
    0x080015bc   0x000003a4   Code   RO          388    .text               stm32f10x_rcc.o
    0x08001960   0x00000408   Code   RO          402    .text               stm32f10x_usart.o
    0x08001d68   0x00000e1a   Code   RO          414    .text               stm32f10x_tim.o
    0x08002b82   0x00000006   Code   RO          428    .text               c_w.l(heapauxi.o)
    0x08002b88   0x00000016   Code   RO          475    .text               c_w.l(_rserrno.o)
    0x08002b9e   0x00000002   PAD
    0x08002ba0   0x00000008   Code   RO          532    .text               c_w.l(rt_errno_addr_intlibspace.o)
    0x08002ba8   0x00000008   Code   RO          536    .text               c_w.l(libspace.o)
    0x08002bb0   0x0000004a   Code   RO          539    .text               c_w.l(sys_stackheap_outer.o)
    0x08002bfa   0x00000012   Code   RO          541    .text               c_w.l(exit.o)
    0x08002c0c   0x0000000c   Code   RO          611    .text               c_w.l(sys_exit.o)
    0x08002c18   0x00000002   Code   RO          622    .text               c_w.l(use_no_semi.o)
    0x08002c1a   0x00000000   Code   RO          624    .text               c_w.l(indicate_semi.o)
    0x08002c1a   0x00000026   Code   RO          498    i.__ARM_fpclassifyf  m_ws.l(fpclassifyf.o)
    0x08002c40   0x00000006   Code   RO          501    i.__mathlib_flt_infnan  m_ws.l(funder.o)
    0x08002c46   0x0000000a   Code   RO          504    i.__mathlib_flt_overflow  m_ws.l(funder.o)
    0x08002c50   0x0000000a   Code   RO          506    i.__mathlib_flt_underflow  m_ws.l(funder.o)
    0x08002c5a   0x00000002   PAD
    0x08002c5c   0x00000170   Code   RO          465    i.expf              m_ws.l(expf.o)
    0x08002dcc   0x00000062   Code   RO          432    x$fpl$d2f           fz_ws.l(d2f.o)
    0x08002e2e   0x00000002   PAD
    0x08002e30   0x000002b0   Code   RO          435    x$fpl$ddiv          fz_ws.l(ddiv.o)
    0x080030e0   0x0000005a   Code   RO          438    x$fpl$dfixu         fz_ws.l(dfixu.o)
    0x0800313a   0x0000009c   Code   RO          477    x$fpl$dnaninf       fz_ws.l(dnaninf.o)
    0x080031d6   0x0000000c   Code   RO          479    x$fpl$dretinf       fz_ws.l(dretinf.o)
    0x080031e2   0x00000002   PAD
    0x080031e4   0x00000056   Code   RO          442    x$fpl$f2d           fz_ws.l(f2d.o)
    0x0800323a   0x00000002   PAD
    0x0800323c   0x000000c4   Code   RO          444    x$fpl$fadd          fz_ws.l(faddsub_clz.o)
    0x08003300   0x0000000c   Code   RO          534    x$fpl$fcheck1       fz_ws.l(fcheck1.o)
    0x0800330c   0x00000018   Code   RO          481    x$fpl$fcmpinf       fz_ws.l(fcmpi.o)
    0x08003324   0x00000184   Code   RO          451    x$fpl$fdiv          fz_ws.l(fdiv.o)
    0x080034a8   0x00000036   Code   RO          483    x$fpl$ffix          fz_ws.l(ffix.o)
    0x080034de   0x00000002   PAD
    0x080034e0   0x00000030   Code   RO          455    x$fpl$fflt          fz_ws.l(fflt_clz.o)
    0x08003510   0x00000068   Code   RO          460    x$fpl$fleqf         fz_ws.l(fleqf.o)
    0x08003578   0x00000102   Code   RO          462    x$fpl$fmul          fz_ws.l(fmul.o)
    0x0800367a   0x0000008c   Code   RO          487    x$fpl$fnaninf       fz_ws.l(fnaninf.o)
    0x08003706   0x0000000a   Code   RO          489    x$fpl$fretinf       fz_ws.l(fretinf.o)
    0x08003710   0x00000060   Code   RO          491    x$fpl$frnd          fz_ws.l(frnd.o)
    0x08003770   0x00000014   Code   RO          445    x$fpl$frsb          fz_ws.l(faddsub_clz.o)
    0x08003784   0x000000ea   Code   RO          446    x$fpl$fsub          fz_ws.l(faddsub_clz.o)
    0x0800386e   0x00000064   Code   RO          549    x$fpl$retnan        fz_ws.l(retnan.o)
    0x080038d2   0x0000004c   Code   RO          495    x$fpl$scalbnf       fz_ws.l(scalbnf.o)
    0x0800391e   0x00000030   Code   RO          598    x$fpl$trapveneer    fz_ws.l(trapv.o)
    0x0800394e   0x00000000   Code   RO          497    x$fpl$usenofp       fz_ws.l(usenofp.o)
    0x0800394e   0x00000002   PAD
    0x08003950   0x00000030   Data   RO          466    .constdata          m_ws.l(expf.o)
    0x08003980   0x00000020   Data   RO          677    Region$$Table       anon$$obj.o


    Execution Region RW_IRAM1 (Base: 0x20000000, Size: 0x000063a0, Max: 0x0000c000, ABSOLUTE, COMPRESSED[0x000004e8])

    Base Addr    Size         Type   Attr      Idx    E Section Name        Object

    0x20000000   0x00001411   Data   RW            2    .data               main.o
    0x20001411   0x00000003   PAD
    0x20001414   0x00000014   Data   RW          137    .data               system_stm32f10x.o
    0x20001428   0x00000004   Data   RW          192    .data               key.o
    0x2000142c   0x0000000c   Data   RW          207    .data               step_motion.o
    0x20001438   0x00000019   Data   RW          223    .data               tm1637.o
    0x20001451   0x00000003   PAD
    0x20001454   0x00000019   Data   RW          238    .data               delay.o
    0x2000146d   0x00000003   PAD
    0x20001470   0x00000008   Data   RW          262    .data               sys.o
    0x20001478   0x00000004   Data   RW          278    .data               usart.o
    0x2000147c   0x00000004   Data   RW          332    .data               tim1.o
    0x20001480   0x00000014   Data   RW          389    .data               stm32f10x_rcc.o
    0x20001494   0x00004650   Zero   RW          206    .bss                step_motion.o
    0x20005ae4   0x00000258   Zero   RW          277    .bss                usart.o
    0x20005d3c   0x00000060   Zero   RW          537    .bss                c_w.l(libspace.o)
    0x20005d9c   0x00000004   PAD
    0x20005da0   0x00000200   Zero   RW          358    HEAP                startup_stm32f10x_hd.o
    0x20005fa0   0x00000400   Zero   RW          357    STACK               startup_stm32f10x_hd.o


==============================================================================

Image component sizes


      Code (inc. data)   RO Data    RW Data    ZI Data      Debug   Object Name

         0          0          0          0          0         32   core_cm3.o
       436         52          0         25          0      17498   delay.o
       220         38          0          4          0        794   key.o
       104         30          0       5137          0     255244   main.o
       220         22          0          0          0       1849   misc.o
        64         26        304          0       1536        812   startup_stm32f10x_hd.o
       600         34          0         12      18000       2530   step_motion.o
       860         38          0          0          0       5785   stm32f10x_gpio.o
        32          0          0          0          0       1286   stm32f10x_it.o
       932         36          0         20          0       8992   stm32f10x_rcc.o
      3610         88          0          0          0      22892   stm32f10x_tim.o
      1032         22          0          0          0       8508   stm32f10x_usart.o
        42          0          0          8          0        827   sys.o
       480         38          0         20          0       1815   system_stm32f10x.o
       404         12          0          4          0       1740   tim1.o
       824         32          0         25          0       3152   tm1637.o
       744         36          0          4        600       3056   usart.o

    ----------------------------------------------------------------------
     10606        504        336       5268      20136     336812   Object Totals
         0          0         32          0          0          0   (incl. Generated)
         2          0          0          9          0          0   (incl. Padding)

    ----------------------------------------------------------------------

      Code (inc. data)   RO Data    RW Data    ZI Data      Debug   Library Member Name

       100          0          0          0          0          0   __dclz77c.o
         8          0          0          0          0         68   __main.o
         0          0          0          0          0          0   __rtentry.o
        12          0          0          0          0          0   __rtentry2.o
         6          0          0          0          0          0   __rtentry4.o
        52          8          0          0          0          0   __scatter.o
        28          0          0          0          0          0   __scatter_zi.o
        22          0          0          0          0        100   _rserrno.o
        18          0          0          0          0         80   exit.o
         6          0          0          0          0        152   heapauxi.o
         0          0          0          0          0          0   indicate_semi.o
         2          0          0          0          0          0   libinit.o
         2          0          0          0          0          0   libinit2.o
         2          0          0          0          0          0   libshutdown.o
         2          0          0          0          0          0   libshutdown2.o
         8          4          0          0         96         68   libspace.o
         8          4          0          0          0         68   rt_errno_addr_intlibspace.o
         2          0          0          0          0          0   rtexit.o
        10          0          0          0          0          0   rtexit2.o
        12          4          0          0          0         68   sys_exit.o
        74          0          0          0          0         80   sys_stackheap_outer.o
         2          0          0          0          0         68   use_no_semi.o
        98          4          0          0          0         92   d2f.o
       688        140          0          0          0        208   ddiv.o
        90          4          0          0          0         92   dfixu.o
       156          4          0          0          0         92   dnaninf.o
        12          0          0          0          0         68   dretinf.o
        86          4          0          0          0         84   f2d.o
       450          8          0          0          0        236   faddsub_clz.o
        12          4          0          0          0         68   fcheck1.o
        24          0          0          0          0         68   fcmpi.o
       388         76          0          0          0         96   fdiv.o
        54          4          0          0          0         84   ffix.o
        48          0          0          0          0         68   fflt_clz.o
       104          4          0          0          0         84   fleqf.o
       258          4          0          0          0         84   fmul.o
       140          4          0          0          0         84   fnaninf.o
        10          0          0          0          0         68   fretinf.o
        96          4          0          0          0         76   frnd.o
       100          0          0          0          0         68   retnan.o
        76          0          0          0          0         68   scalbnf.o
        48          0          0          0          0         68   trapv.o
         0          0          0          0          0          0   usenofp.o
       368         46         48          0          0        156   expf.o
        38          0          0          0          0         68   fpclassifyf.o
        26          0          0          0          0        204   funder.o

    ----------------------------------------------------------------------
      3762        330         48          0        100       3036   Library Totals
        16          0          0          0          4          0   (incl. Padding)

    ----------------------------------------------------------------------

      Code (inc. data)   RO Data    RW Data    ZI Data      Debug   Library Name

       376         20          0          0         96        752   c_w.l
      2938        264          0          0          0       1856   fz_ws.l
       432         46         48          0          0        428   m_ws.l

    ----------------------------------------------------------------------
      3762        330         48          0        100       3036   Library Totals

    ----------------------------------------------------------------------

==============================================================================


      Code (inc. data)   RO Data    RW Data    ZI Data      Debug   

     14368        834        384       5268      20236     337036   Grand Totals
     14368        834        384       1256      20236     337036   ELF Image Totals (compressed)
     14368        834        384       1256          0          0   ROM Totals

==============================================================================

    Total RO  Size (Code + RO Data)                14752 (  14.41kB)
    Total RW  Size (RW Data + ZI Data)             25504 (  24.91kB)
    Total ROM Size (Code + RO Data + RW Data)      16008 (  15.63kB)

==============================================================================

