<html>
<body>
<pre>
<h1>礦ision Build Log</h1>
<h2>Tool Versions:</h2>
IDE-Version: μVision V5.23.0.0
Copyright (C) 2017 ARM Ltd and ARM Germany GmbH. All rights reserved.
License Information: 123 asus, 123, LIC=TIVRA-1JQF6-2ZHW4-FBTH5-XFR8P-EIIZK
 
Tool Versions:
Toolchain:       MDK-ARM Plus  Version: 5.23
Toolchain Path:  D:\Keil_v5\ARM\ARMCC\Bin
C Compiler:      Armcc.exe V5.06 update 4 (build 422)
Assembler:       Armasm.exe V5.06 update 4 (build 422)
Linker/Locator:  ArmLink.exe V5.06 update 4 (build 422)
Library Manager: ArmAr.exe V5.06 update 4 (build 422)
Hex Converter:   FromElf.exe V5.06 update 4 (build 422)
CPU DLL:         SARMCM3.DLL V5.23
Dialog DLL:      DCM.DLL V1.15.0.0
Target DLL:      CMSIS_AGDI.dll V1.27.5.0
Dialog DLL:      TCM.DLL V1.27.0.0
 
<h2>Project:</h2>
E:\desktop\炒饭机\pm2.5\中景园电子0.96OLED显示屏_STM32系列_SPI_例程\USER\OLED.uvprojx
Project File Date:  01/05/2019

<h2>Output:</h2>
*** Using Compiler 'V5.06 update 4 (build 422)', folder: 'D:\Keil_v5\ARM\ARMCC\Bin'
Rebuild target 'Target 1'
compiling stm32f10x_it.c...
compiling system_stm32f10x.c...
compiling key.c...
compiling oled.c...
compiling SHT30.c...
compiling STEP_MOTION.c...
compiling main.c...
compiling sys.c...
compiling delay.c...
compiling TM1637.c...
compiling myiic.c...
compiling ds3231.c...
compiling usart.c...
..\SYSTEM\usart\usart.c(136): warning:  #550-D: variable "ch"  was set but never used
  	u8 ch;
..\SYSTEM\usart\usart.c(166): warning:  #550-D: variable "ch"  was set but never used
  	u8 ch;
..\SYSTEM\usart\usart.c: 2 warnings, 0 errors
compiling TIM1.c...
..\SYSTEM\delay\TIM1.c(116): warning:  #177-D: variable "TIM1_BDTRInitStruct"  was declared but never referenced
      TIM_BDTRInitTypeDef      TIM1_BDTRInitStruct;
..\SYSTEM\delay\TIM1.c(118): warning:  #177-D: variable "GPIO_InitStructure"  was declared but never referenced
  	  GPIO_InitTypeDef GPIO_InitStructure;
..\SYSTEM\delay\TIM1.c: 2 warnings, 0 errors
assembling startup_stm32f10x_hd.s...
compiling core_cm3.c...
compiling misc.c...
compiling stm32f10x_gpio.c...
compiling stm32f10x_usart.c...
compiling stm32f10x_rcc.c...
compiling stm32f10x_tim.c...
linking...
Program Size: Code=14368 RO-data=384 RW-data=5268 ZI-data=20236  
FromELF: creating hex file...
"..\OBJ\OLED.axf" - 0 Error(s), 4 Warning(s).

<h2>Software Packages used:</h2>

Package Vendor: ARM
                http://www.keil.com/pack/ARM.CMSIS.5.0.1.pack
                ARM::CMSIS:CORE:5.0.1
                CMSIS (Cortex Microcontroller Software Interface Standard)
   * Component: CORE Version: 5.0.1

<h2>Collection of Component include folders:</h2>
  .\RTE\_Target_1
  d:\Keil_v5\ARM\PACK\ARM\CMSIS\5.0.1\CMSIS\Include
  d:\Keil_v5\ARM\PACK\Keil\STM32F1xx_DFP\2.2.0\Device\Include

<h2>Collection of Component Files used:</h2>

   * Component: ARM::CMSIS:CORE:5.0.1
Build Time Elapsed:  00:00:05
</pre>
</body>
</html>
