###############################################################################
#
# IAR ELF Linker V7.50.2.10312/W32 for ARM                13/Sep/2018  19:50:00
# Copyright 2007-2015 IAR Systems AB.
#
#    Output file  =  
#        G:\电机驱动\硬石下载-软件设计之电机控制专题\硬石步进电机资料\YS-F1Pro开发板程序\例程：HAL库版本\YSF1_HAL_MOTOR-008.
#        57&42步进电机梯形加减速实现\EWARM\YS-F1Pro\Exe\YS-F1Pro.out
#    Map file     =  
#        G:\电机驱动\硬石下载-软件设计之电机控制专题\硬石步进电机资料\YS-F1Pro开发板程序\例程：HAL库版本\YSF1_HAL_MOTOR-008.
#        57&42步进电机梯形加减速实现\EWARM\YS-F1Pro\List\YS-F1Pro.map
#    Command line =  
#        "G:\电机驱动\硬石下载-软件设计之电机控制专题\硬石步进电机资料\YS-F1Pro开发板程序\例程：HAL库版本\YSF1_HAL_MOTOR-008.
#        57&42步进电机梯形加减速实现\EWARM\YS-F1Pro\Obj\bsp_key.o"
#        "G:\电机驱动\硬石下载-软件设计之电机控制专题\硬石步进电机资料\YS-F1Pro开发板程序\例程：HAL库版本\YSF1_HAL_MOTOR-008.
#        57&42步进电机梯形加减速实现\EWARM\YS-F1Pro\Obj\bsp_StepMotor.o"
#        "G:\电机驱动\硬石下载-软件设计之电机控制专题\硬石步进电机资料\YS-F1Pro开发板程序\例程：HAL库版本\YSF1_HAL_MOTOR-008.
#        57&42步进电机梯形加减速实现\EWARM\YS-F1Pro\Obj\main.o"
#        "G:\电机驱动\硬石下载-软件设计之电机控制专题\硬石步进电机资料\YS-F1Pro开发板程序\例程：HAL库版本\YSF1_HAL_MOTOR-008.
#        57&42步进电机梯形加减速实现\EWARM\YS-F1Pro\Obj\startup_stm32f103xe.o"
#        "G:\电机驱动\硬石下载-软件设计之电机控制专题\硬石步进电机资料\YS-F1Pro开发板程序\例程：HAL库版本\YSF1_HAL_MOTOR-008.
#        57&42步进电机梯形加减速实现\EWARM\YS-F1Pro\Obj\stm32f1xx_assert.o"
#        "G:\电机驱动\硬石下载-软件设计之电机控制专题\硬石步进电机资料\YS-F1Pro开发板程序\例程：HAL库版本\YSF1_HAL_MOTOR-008.
#        57&42步进电机梯形加减速实现\EWARM\YS-F1Pro\Obj\stm32f1xx_hal.o"
#        "G:\电机驱动\硬石下载-软件设计之电机控制专题\硬石步进电机资料\YS-F1Pro开发板程序\例程：HAL库版本\YSF1_HAL_MOTOR-008.
#        57&42步进电机梯形加减速实现\EWARM\YS-F1Pro\Obj\stm32f1xx_hal_adc.o"
#        "G:\电机驱动\硬石下载-软件设计之电机控制专题\硬石步进电机资料\YS-F1Pro开发板程序\例程：HAL库版本\YSF1_HAL_MOTOR-008.
#        57&42步进电机梯形加减速实现\EWARM\YS-F1Pro\Obj\stm32f1xx_hal_adc_ex.o"
#        "G:\电机驱动\硬石下载-软件设计之电机控制专题\硬石步进电机资料\YS-F1Pro开发板程序\例程：HAL库版本\YSF1_HAL_MOTOR-008.
#        57&42步进电机梯形加减速实现\EWARM\YS-F1Pro\Obj\stm32f1xx_hal_can.o"
#        "G:\电机驱动\硬石下载-软件设计之电机控制专题\硬石步进电机资料\YS-F1Pro开发板程序\例程：HAL库版本\YSF1_HAL_MOTOR-008.
#        57&42步进电机梯形加减速实现\EWARM\YS-F1Pro\Obj\stm32f1xx_hal_cec.o"
#        "G:\电机驱动\硬石下载-软件设计之电机控制专题\硬石步进电机资料\YS-F1Pro开发板程序\例程：HAL库版本\YSF1_HAL_MOTOR-008.
#        57&42步进电机梯形加减速实现\EWARM\YS-F1Pro\Obj\stm32f1xx_hal_cortex.o"
#        "G:\电机驱动\硬石下载-软件设计之电机控制专题\硬石步进电机资料\YS-F1Pro开发板程序\例程：HAL库版本\YSF1_HAL_MOTOR-008.
#        57&42步进电机梯形加减速实现\EWARM\YS-F1Pro\Obj\stm32f1xx_hal_crc.o"
#        "G:\电机驱动\硬石下载-软件设计之电机控制专题\硬石步进电机资料\YS-F1Pro开发板程序\例程：HAL库版本\YSF1_HAL_MOTOR-008.
#        57&42步进电机梯形加减速实现\EWARM\YS-F1Pro\Obj\stm32f1xx_hal_dac.o"
#        "G:\电机驱动\硬石下载-软件设计之电机控制专题\硬石步进电机资料\YS-F1Pro开发板程序\例程：HAL库版本\YSF1_HAL_MOTOR-008.
#        57&42步进电机梯形加减速实现\EWARM\YS-F1Pro\Obj\stm32f1xx_hal_dac_ex.o"
#        "G:\电机驱动\硬石下载-软件设计之电机控制专题\硬石步进电机资料\YS-F1Pro开发板程序\例程：HAL库版本\YSF1_HAL_MOTOR-008.
#        57&42步进电机梯形加减速实现\EWARM\YS-F1Pro\Obj\stm32f1xx_hal_dma.o"
#        "G:\电机驱动\硬石下载-软件设计之电机控制专题\硬石步进电机资料\YS-F1Pro开发板程序\例程：HAL库版本\YSF1_HAL_MOTOR-008.
#        57&42步进电机梯形加减速实现\EWARM\YS-F1Pro\Obj\stm32f1xx_hal_eth.o"
#        "G:\电机驱动\硬石下载-软件设计之电机控制专题\硬石步进电机资料\YS-F1Pro开发板程序\例程：HAL库版本\YSF1_HAL_MOTOR-008.
#        57&42步进电机梯形加减速实现\EWARM\YS-F1Pro\Obj\stm32f1xx_hal_flash.o"
#        "G:\电机驱动\硬石下载-软件设计之电机控制专题\硬石步进电机资料\YS-F1Pro开发板程序\例程：HAL库版本\YSF1_HAL_MOTOR-008.
#        57&42步进电机梯形加减速实现\EWARM\YS-F1Pro\Obj\stm32f1xx_hal_flash_ex.o"
#        "G:\电机驱动\硬石下载-软件设计之电机控制专题\硬石步进电机资料\YS-F1Pro开发板程序\例程：HAL库版本\YSF1_HAL_MOTOR-008.
#        57&42步进电机梯形加减速实现\EWARM\YS-F1Pro\Obj\stm32f1xx_hal_gpio.o"
#        "G:\电机驱动\硬石下载-软件设计之电机控制专题\硬石步进电机资料\YS-F1Pro开发板程序\例程：HAL库版本\YSF1_HAL_MOTOR-008.
#        57&42步进电机梯形加减速实现\EWARM\YS-F1Pro\Obj\stm32f1xx_hal_gpio_ex.o"
#        "G:\电机驱动\硬石下载-软件设计之电机控制专题\硬石步进电机资料\YS-F1Pro开发板程序\例程：HAL库版本\YSF1_HAL_MOTOR-008.
#        57&42步进电机梯形加减速实现\EWARM\YS-F1Pro\Obj\stm32f1xx_hal_hcd.o"
#        "G:\电机驱动\硬石下载-软件设计之电机控制专题\硬石步进电机资料\YS-F1Pro开发板程序\例程：HAL库版本\YSF1_HAL_MOTOR-008.
#        57&42步进电机梯形加减速实现\EWARM\YS-F1Pro\Obj\stm32f1xx_hal_i2c.o"
#        "G:\电机驱动\硬石下载-软件设计之电机控制专题\硬石步进电机资料\YS-F1Pro开发板程序\例程：HAL库版本\YSF1_HAL_MOTOR-008.
#        57&42步进电机梯形加减速实现\EWARM\YS-F1Pro\Obj\stm32f1xx_hal_i2s.o"
#        "G:\电机驱动\硬石下载-软件设计之电机控制专题\硬石步进电机资料\YS-F1Pro开发板程序\例程：HAL库版本\YSF1_HAL_MOTOR-008.
#        57&42步进电机梯形加减速实现\EWARM\YS-F1Pro\Obj\stm32f1xx_hal_irda.o"
#        "G:\电机驱动\硬石下载-软件设计之电机控制专题\硬石步进电机资料\YS-F1Pro开发板程序\例程：HAL库版本\YSF1_HAL_MOTOR-008.
#        57&42步进电机梯形加减速实现\EWARM\YS-F1Pro\Obj\stm32f1xx_hal_iwdg.o"
#        "G:\电机驱动\硬石下载-软件设计之电机控制专题\硬石步进电机资料\YS-F1Pro开发板程序\例程：HAL库版本\YSF1_HAL_MOTOR-008.
#        57&42步进电机梯形加减速实现\EWARM\YS-F1Pro\Obj\stm32f1xx_hal_msp.o"
#        "G:\电机驱动\硬石下载-软件设计之电机控制专题\硬石步进电机资料\YS-F1Pro开发板程序\例程：HAL库版本\YSF1_HAL_MOTOR-008.
#        57&42步进电机梯形加减速实现\EWARM\YS-F1Pro\Obj\stm32f1xx_hal_nand.o"
#        "G:\电机驱动\硬石下载-软件设计之电机控制专题\硬石步进电机资料\YS-F1Pro开发板程序\例程：HAL库版本\YSF1_HAL_MOTOR-008.
#        57&42步进电机梯形加减速实现\EWARM\YS-F1Pro\Obj\stm32f1xx_hal_nor.o"
#        "G:\电机驱动\硬石下载-软件设计之电机控制专题\硬石步进电机资料\YS-F1Pro开发板程序\例程：HAL库版本\YSF1_HAL_MOTOR-008.
#        57&42步进电机梯形加减速实现\EWARM\YS-F1Pro\Obj\stm32f1xx_hal_pccard.o"
#        "G:\电机驱动\硬石下载-软件设计之电机控制专题\硬石步进电机资料\YS-F1Pro开发板程序\例程：HAL库版本\YSF1_HAL_MOTOR-008.
#        57&42步进电机梯形加减速实现\EWARM\YS-F1Pro\Obj\stm32f1xx_hal_pcd.o"
#        "G:\电机驱动\硬石下载-软件设计之电机控制专题\硬石步进电机资料\YS-F1Pro开发板程序\例程：HAL库版本\YSF1_HAL_MOTOR-008.
#        57&42步进电机梯形加减速实现\EWARM\YS-F1Pro\Obj\stm32f1xx_hal_pcd_ex.o"
#        "G:\电机驱动\硬石下载-软件设计之电机控制专题\硬石步进电机资料\YS-F1Pro开发板程序\例程：HAL库版本\YSF1_HAL_MOTOR-008.
#        57&42步进电机梯形加减速实现\EWARM\YS-F1Pro\Obj\stm32f1xx_hal_pwr.o"
#        "G:\电机驱动\硬石下载-软件设计之电机控制专题\硬石步进电机资料\YS-F1Pro开发板程序\例程：HAL库版本\YSF1_HAL_MOTOR-008.
#        57&42步进电机梯形加减速实现\EWARM\YS-F1Pro\Obj\stm32f1xx_hal_rcc.o"
#        "G:\电机驱动\硬石下载-软件设计之电机控制专题\硬石步进电机资料\YS-F1Pro开发板程序\例程：HAL库版本\YSF1_HAL_MOTOR-008.
#        57&42步进电机梯形加减速实现\EWARM\YS-F1Pro\Obj\stm32f1xx_hal_rcc_ex.o"
#        "G:\电机驱动\硬石下载-软件设计之电机控制专题\硬石步进电机资料\YS-F1Pro开发板程序\例程：HAL库版本\YSF1_HAL_MOTOR-008.
#        57&42步进电机梯形加减速实现\EWARM\YS-F1Pro\Obj\stm32f1xx_hal_rtc.o"
#        "G:\电机驱动\硬石下载-软件设计之电机控制专题\硬石步进电机资料\YS-F1Pro开发板程序\例程：HAL库版本\YSF1_HAL_MOTOR-008.
#        57&42步进电机梯形加减速实现\EWARM\YS-F1Pro\Obj\stm32f1xx_hal_rtc_ex.o"
#        "G:\电机驱动\硬石下载-软件设计之电机控制专题\硬石步进电机资料\YS-F1Pro开发板程序\例程：HAL库版本\YSF1_HAL_MOTOR-008.
#        57&42步进电机梯形加减速实现\EWARM\YS-F1Pro\Obj\stm32f1xx_hal_sd.o"
#        "G:\电机驱动\硬石下载-软件设计之电机控制专题\硬石步进电机资料\YS-F1Pro开发板程序\例程：HAL库版本\YSF1_HAL_MOTOR-008.
#        57&42步进电机梯形加减速实现\EWARM\YS-F1Pro\Obj\stm32f1xx_hal_smartcard.o"
#        "G:\电机驱动\硬石下载-软件设计之电机控制专题\硬石步进电机资料\YS-F1Pro开发板程序\例程：HAL库版本\YSF1_HAL_MOTOR-008.
#        57&42步进电机梯形加减速实现\EWARM\YS-F1Pro\Obj\stm32f1xx_hal_spi.o"
#        "G:\电机驱动\硬石下载-软件设计之电机控制专题\硬石步进电机资料\YS-F1Pro开发板程序\例程：HAL库版本\YSF1_HAL_MOTOR-008.
#        57&42步进电机梯形加减速实现\EWARM\YS-F1Pro\Obj\stm32f1xx_hal_spi_ex.o"
#        "G:\电机驱动\硬石下载-软件设计之电机控制专题\硬石步进电机资料\YS-F1Pro开发板程序\例程：HAL库版本\YSF1_HAL_MOTOR-008.
#        57&42步进电机梯形加减速实现\EWARM\YS-F1Pro\Obj\stm32f1xx_hal_sram.o"
#        "G:\电机驱动\硬石下载-软件设计之电机控制专题\硬石步进电机资料\YS-F1Pro开发板程序\例程：HAL库版本\YSF1_HAL_MOTOR-008.
#        57&42步进电机梯形加减速实现\EWARM\YS-F1Pro\Obj\stm32f1xx_hal_tim.o"
#        "G:\电机驱动\硬石下载-软件设计之电机控制专题\硬石步进电机资料\YS-F1Pro开发板程序\例程：HAL库版本\YSF1_HAL_MOTOR-008.
#        57&42步进电机梯形加减速实现\EWARM\YS-F1Pro\Obj\stm32f1xx_hal_tim_ex.o"
#        "G:\电机驱动\硬石下载-软件设计之电机控制专题\硬石步进电机资料\YS-F1Pro开发板程序\例程：HAL库版本\YSF1_HAL_MOTOR-008.
#        57&42步进电机梯形加减速实现\EWARM\YS-F1Pro\Obj\stm32f1xx_hal_uart.o"
#        "G:\电机驱动\硬石下载-软件设计之电机控制专题\硬石步进电机资料\YS-F1Pro开发板程序\例程：HAL库版本\YSF1_HAL_MOTOR-008.
#        57&42步进电机梯形加减速实现\EWARM\YS-F1Pro\Obj\stm32f1xx_hal_usart.o"
#        "G:\电机驱动\硬石下载-软件设计之电机控制专题\硬石步进电机资料\YS-F1Pro开发板程序\例程：HAL库版本\YSF1_HAL_MOTOR-008.
#        57&42步进电机梯形加减速实现\EWARM\YS-F1Pro\Obj\stm32f1xx_hal_wwdg.o"
#        "G:\电机驱动\硬石下载-软件设计之电机控制专题\硬石步进电机资料\YS-F1Pro开发板程序\例程：HAL库版本\YSF1_HAL_MOTOR-008.
#        57&42步进电机梯形加减速实现\EWARM\YS-F1Pro\Obj\stm32f1xx_it.o"
#        "G:\电机驱动\硬石下载-软件设计之电机控制专题\硬石步进电机资料\YS-F1Pro开发板程序\例程：HAL库版本\YSF1_HAL_MOTOR-008.
#        57&42步进电机梯形加减速实现\EWARM\YS-F1Pro\Obj\stm32f1xx_ll_fsmc.o"
#        "G:\电机驱动\硬石下载-软件设计之电机控制专题\硬石步进电机资料\YS-F1Pro开发板程序\例程：HAL库版本\YSF1_HAL_MOTOR-008.
#        57&42步进电机梯形加减速实现\EWARM\YS-F1Pro\Obj\stm32f1xx_ll_sdmmc.o"
#        "G:\电机驱动\硬石下载-软件设计之电机控制专题\硬石步进电机资料\YS-F1Pro开发板程序\例程：HAL库版本\YSF1_HAL_MOTOR-008.
#        57&42步进电机梯形加减速实现\EWARM\YS-F1Pro\Obj\stm32f1xx_ll_usb.o"
#        "G:\电机驱动\硬石下载-软件设计之电机控制专题\硬石步进电机资料\YS-F1Pro开发板程序\例程：HAL库版本\YSF1_HAL_MOTOR-008.
#        57&42步进电机梯形加减速实现\EWARM\YS-F1Pro\Obj\system_stm32f1xx.o"
#        --redirect _Printf=_PrintfFull --redirect _Scanf=_ScanfFull -o
#        "G:\电机驱动\硬石下载-软件设计之电机控制专题\硬石步进电机资料\YS-F1Pro开发板程序\例程：HAL库版本\YSF1_HAL_MOTOR-008.
#        57&42步进电机梯形加减速实现\EWARM\YS-F1Pro\Exe\YS-F1Pro.out" --map
#        "G:\电机驱动\硬石下载-软件设计之电机控制专题\硬石步进电机资料\YS-F1Pro开发板程序\例程：HAL库版本\YSF1_HAL_MOTOR-008.
#        57&42步进电机梯形加减速实现\EWARM\YS-F1Pro\List\YS-F1Pro.map" --config
#        "G:\电机驱动\硬石下载-软件设计之电机控制专题\硬石步进电机资料\YS-F1Pro开发板程序\例程：HAL库版本\YSF1_HAL_MOTOR-008.
#        57&42步进电机梯形加减速实现\EWARM/stm32f103xe_flash.icf" --semihosting
#        --entry __iar_program_start --vfe
#
###############################################################################

*******************************************************************************
*** RUNTIME MODEL ATTRIBUTES
***

CppFlavor       = *
__SystemLibrary = DLib


*******************************************************************************
*** PLACEMENT SUMMARY
***

"A1":  place at 0x08000000 { ro section .intvec };
"P1":  place in [from 0x08000000 to 0x0807ffff] { ro };
"P2":  place in [from 0x20000000 to 0x2000ffff] { rw, block CSTACK, block HEAP };

  Section             Kind        Address    Size  Object
  -------             ----        -------    ----  ------
"A1":                                       0x130
  .intvec             ro code  0x08000000   0x130  startup_stm32f103xe.o [1]
                             - 0x08000130   0x130

"P1":                                      0x29bc
  .text               ro code  0x08000130   0xc34  stm32f1xx_hal_rcc.o [1]
  .text               ro code  0x08000d64    0x7c  stm32f1xx_hal.o [1]
  .text               ro code  0x08000de0    0x56  ABImemcpy_unaligned.o [5]
  .rodata             const    0x08000e36     0x2  stm32f1xx_hal_rcc.o [1]
  .text               ro code  0x08000e38   0x166  stm32f1xx_hal_cortex.o [1]
  .text               ro code  0x08000fa0    0x64  stm32f1xx_hal_msp.o [1]
  .text               ro code  0x08001004   0x628  bsp_StepMotor.o [1]
  .text               ro code  0x0800162c   0x34c  stm32f1xx_hal_gpio.o [1]
  .text               ro code  0x08001978   0x4ea  stm32f1xx_hal_tim.o [1]
  .text               ro code  0x08001e64    0x1e  I32ToFlt.o [4]
  .text               ro code  0x08001e84    0xd8  FltMul.o [4]
  .text               ro code  0x08001f5c    0xfc  FltDiv.o [4]
  .text               ro code  0x08002058    0x44  FltToS32.o [4]
  .text               ro code  0x0800209c    0x1c  I32ToDbl.o [4]
  .text               ro code  0x080020b8   0x1a2  DblMul.o [4]
  .text               ro code  0x0800225c   0x256  DblDiv.o [4]
  .text               ro code  0x080024b4    0x90  DblToFlt.o [4]
  .text               ro code  0x08002544    0x4e  FltToDbl.o [4]
  .text               ro code  0x08002594    0xf0  sqrt.o [4]
  .text               ro code  0x08002684    0x4c  DblToI32.o [4]
  .text               ro code  0x080026d0    0x24  FltToU32.o [4]
  .text               ro code  0x080026f4     0xc  iarEdom.o [5]
  .text               ro code  0x08002700     0xc  errno.o [3]
  .text               ro code  0x0800270c     0x2  xtls.o [3]
  .text               ro code  0x08002710    0xac  main.o [1]
  .text               ro code  0x080027bc    0x70  bsp_key.o [1]
  .text               ro code  0x0800282c    0x68  system_stm32f1xx.o [1]
  .text               ro code  0x08002894    0x40  zero_init3.o [5]
  .text               ro code  0x080028d4    0x2c  copy_init3.o [5]
  .text               ro code  0x08002900    0x28  data_init.o [5]
  .iar.init_table     const    0x08002928    0x24  - Linker created -
  .text               ro code  0x0800294c    0x1a  cmain.o [5]
  .text               ro code  0x08002966     0x4  low_level_init.o [3]
  .text               ro code  0x0800296a     0x4  exit.o [3]
  .text               ro code  0x08002970     0xa  cexit.o [5]
  .text               ro code  0x0800297c    0x14  exit.o [6]
  .text               ro code  0x08002990    0x18  stm32f1xx_it.o [1]
  Initializer bytes   const    0x080029a8    0x14  <for P2-1>
  .rodata             const    0x080029bc    0x10  stm32f1xx_hal_rcc.o [1]
  .rodata             const    0x080029cc    0x10  stm32f1xx_hal_rcc.o [1]
  .text               ro code  0x080029dc    0x10  startup_stm32f103xe.o [1]
  .text               ro code  0x080029ec     0xc  cstartup_M.o [5]
  .text               ro code  0x080029f8     0x4  startup_stm32f103xe.o [1]
  .text               ro code  0x080029fc     0x4  startup_stm32f103xe.o [1]
  .text               ro code  0x08002a00     0x4  startup_stm32f103xe.o [1]
  .text               ro code  0x08002a04     0x4  startup_stm32f103xe.o [1]
  .text               ro code  0x08002a08     0x4  startup_stm32f103xe.o [1]
  .text               ro code  0x08002a0c     0x4  startup_stm32f103xe.o [1]
  .text               ro code  0x08002a10     0x4  startup_stm32f103xe.o [1]
  .text               ro code  0x08002a14     0x4  startup_stm32f103xe.o [1]
  .text               ro code  0x08002a18     0x4  startup_stm32f103xe.o [1]
  .text               ro code  0x08002a1c     0x4  startup_stm32f103xe.o [1]
  .text               ro code  0x08002a20     0x4  startup_stm32f103xe.o [1]
  .text               ro code  0x08002a24     0x4  startup_stm32f103xe.o [1]
  .text               ro code  0x08002a28     0x4  startup_stm32f103xe.o [1]
  .text               ro code  0x08002a2c     0x4  startup_stm32f103xe.o [1]
  .text               ro code  0x08002a30     0x4  startup_stm32f103xe.o [1]
  .text               ro code  0x08002a34     0x4  startup_stm32f103xe.o [1]
  .text               ro code  0x08002a38     0x4  startup_stm32f103xe.o [1]
  .text               ro code  0x08002a3c     0x4  startup_stm32f103xe.o [1]
  .text               ro code  0x08002a40     0x4  startup_stm32f103xe.o [1]
  .text               ro code  0x08002a44     0x4  startup_stm32f103xe.o [1]
  .text               ro code  0x08002a48     0x4  startup_stm32f103xe.o [1]
  .text               ro code  0x08002a4c     0x4  startup_stm32f103xe.o [1]
  .text               ro code  0x08002a50     0x4  startup_stm32f103xe.o [1]
  .text               ro code  0x08002a54     0x4  startup_stm32f103xe.o [1]
  .text               ro code  0x08002a58     0x4  startup_stm32f103xe.o [1]
  .text               ro code  0x08002a5c     0x4  startup_stm32f103xe.o [1]
  .text               ro code  0x08002a60     0x4  startup_stm32f103xe.o [1]
  .text               ro code  0x08002a64     0x4  startup_stm32f103xe.o [1]
  .text               ro code  0x08002a68     0x4  startup_stm32f103xe.o [1]
  .text               ro code  0x08002a6c     0x4  startup_stm32f103xe.o [1]
  .text               ro code  0x08002a70     0x4  startup_stm32f103xe.o [1]
  .text               ro code  0x08002a74     0x4  startup_stm32f103xe.o [1]
  .text               ro code  0x08002a78     0x4  startup_stm32f103xe.o [1]
  .text               ro code  0x08002a7c     0x4  startup_stm32f103xe.o [1]
  .text               ro code  0x08002a80     0x4  startup_stm32f103xe.o [1]
  .text               ro code  0x08002a84     0x4  startup_stm32f103xe.o [1]
  .text               ro code  0x08002a88     0x4  startup_stm32f103xe.o [1]
  .text               ro code  0x08002a8c     0x4  startup_stm32f103xe.o [1]
  .text               ro code  0x08002a90     0x4  startup_stm32f103xe.o [1]
  .text               ro code  0x08002a94     0x4  startup_stm32f103xe.o [1]
  .text               ro code  0x08002a98     0x4  startup_stm32f103xe.o [1]
  .text               ro code  0x08002a9c     0x4  startup_stm32f103xe.o [1]
  .text               ro code  0x08002aa0     0x4  startup_stm32f103xe.o [1]
  .text               ro code  0x08002aa4     0x4  startup_stm32f103xe.o [1]
  .text               ro code  0x08002aa8     0x4  startup_stm32f103xe.o [1]
  .text               ro code  0x08002aac     0x4  startup_stm32f103xe.o [1]
  .text               ro code  0x08002ab0     0x4  startup_stm32f103xe.o [1]
  .text               ro code  0x08002ab4     0x4  startup_stm32f103xe.o [1]
  .text               ro code  0x08002ab8     0x4  startup_stm32f103xe.o [1]
  .text               ro code  0x08002abc     0x4  startup_stm32f103xe.o [1]
  .text               ro code  0x08002ac0     0x4  startup_stm32f103xe.o [1]
  .text               ro code  0x08002ac4     0x4  startup_stm32f103xe.o [1]
  .text               ro code  0x08002ac8     0x4  startup_stm32f103xe.o [1]
  .text               ro code  0x08002acc     0x4  startup_stm32f103xe.o [1]
  .text               ro code  0x08002ad0     0x4  startup_stm32f103xe.o [1]
  .text               ro code  0x08002ad4     0x4  startup_stm32f103xe.o [1]
  .text               ro code  0x08002ad8     0x4  startup_stm32f103xe.o [1]
  .text               ro code  0x08002adc     0x4  startup_stm32f103xe.o [1]
  .text               ro code  0x08002ae0     0x4  startup_stm32f103xe.o [1]
  .text               ro code  0x08002ae4     0x4  startup_stm32f103xe.o [1]
  .text               ro code  0x08002ae8     0x4  startup_stm32f103xe.o [1]
  .rodata             const    0x08002aec     0x0  zero_init3.o [5]
  .rodata             const    0x08002aec     0x0  copy_init3.o [5]
                             - 0x08002aec  0x29bc

"P2", part 1 of 3:                           0x14
  P2-1                         0x20000000    0x14  <Init block>
    .data             inited   0x20000000     0x4  main.o [1]
    .data             inited   0x20000004     0x4  main.o [1]
    .data             inited   0x20000008     0x4  main.o [1]
    .data             inited   0x2000000c     0x4  system_stm32f1xx.o [1]
    __DLIB_PERTHREAD  inited   0x20000010     0x4  errno.o [3]
                             - 0x20000014    0x14

"P2", part 2 of 3:                         0x1000
  CSTACK                       0x20000018  0x1000  <Block>
    CSTACK            uninit   0x20000018  0x1000  <Block tail>
                             - 0x20001018  0x1000

"P2", part 3 of 3:                           0x68
  .bss                zero     0x20001018    0x3c  bsp_StepMotor.o [1]
  .bss                zero     0x20001054    0x18  bsp_StepMotor.o [1]
  .bss                zero     0x2000106c     0x4  bsp_StepMotor.o [1]
  .bss                zero     0x20001070     0x4  bsp_StepMotor.o [1]
  .bss                zero     0x20001074     0x4  bsp_StepMotor.o [1]
  .bss                zero     0x20001078     0x4  stm32f1xx_hal.o [1]
  .bss                zero     0x2000107c     0x2  bsp_StepMotor.o [1]
  .bss                zero     0x2000107e     0x1  bsp_StepMotor.o [1]
  .bss                zero     0x2000107f     0x1  bsp_StepMotor.o [1]
                             - 0x20001080    0x68


*******************************************************************************
*** INIT TABLE
***

          Address     Size
          -------     ----
Zero (__iar_zero_init3)
    1 destination range, total size 0x68:
          0x20001018  0x68

Copy (__iar_copy_init3)
    1 source range, total size 0x14:
          0x080029a8  0x14
    1 destination range, total size 0x14:
          0x20000000  0x14



*******************************************************************************
*** MODULE SUMMARY
***

    Module                  ro code  ro data  rw data
    ------                  -------  -------  -------
G:\电机驱动\硬石下载-软件设计之电机控制专题\硬石步进电机资料\YS-F1Pro开发板程序\例程：HAL库版本\YSF1_HAL_MOTOR-008. 57&42步进电机梯形加减速实现\EWARM\YS-F1Pro\Obj: [1]
    bsp_StepMotor.o           1 576               100
    bsp_key.o                   112
    main.o                      172       12       12
    startup_stm32f103xe.o       564
    stm32f1xx_hal.o             124                 4
    stm32f1xx_hal_cortex.o      358
    stm32f1xx_hal_gpio.o        844
    stm32f1xx_hal_msp.o         100
    stm32f1xx_hal_rcc.o       3 124       34
    stm32f1xx_hal_tim.o       1 258
    stm32f1xx_it.o               24
    system_stm32f1xx.o          104        4        4
    -------------------------------------------------
    Total:                    8 360       50      120

command line: [2]
    -------------------------------------------------
    Total:

dl7M_tlf.a: [3]
    errno.o                      12        4        4
    exit.o                        4
    low_level_init.o              4
    xtls.o                        2
    -------------------------------------------------
    Total:                       22        4        4

m7M_tl.a: [4]
    DblDiv.o                    598
    DblMul.o                    418
    DblToFlt.o                  144
    DblToI32.o                   76
    FltDiv.o                    252
    FltMul.o                    216
    FltToDbl.o                   78
    FltToS32.o                   68
    FltToU32.o                   36
    I32ToDbl.o                   28
    I32ToFlt.o                   30
    sqrt.o                      240
    -------------------------------------------------
    Total:                    2 184

rt7M_tl.a: [5]
    ABImemcpy_unaligned.o        86
    cexit.o                      10
    cmain.o                      26
    copy_init3.o                 44
    cstartup_M.o                 12
    data_init.o                  40
    iarEdom.o                    12
    zero_init3.o                 64
    -------------------------------------------------
    Total:                      294

shb_l.a: [6]
    exit.o                       20
    -------------------------------------------------
    Total:                       20

    Gaps                         18
    Linker created                        36    4 096
-----------------------------------------------------
    Grand Total:             10 898       90    4 220


*******************************************************************************
*** ENTRY LIST
***

Entry                      Address   Size  Type      Object
-----                      -------   ----  ----      ------
.iar.init_table$$Base   0x08002928          --   Gb  - Linker created -
.iar.init_table$$Limit  0x0800294c          --   Gb  - Linker created -
?main                   0x0800294d         Code  Gb  cmain.o [5]
BusFault_Handler        0x08002997    0x2  Code  Gb  stm32f1xx_it.o [1]
CSTACK$$Base            0x20000018          --   Gb  - Linker created -
CSTACK$$Limit           0x20001018          --   Gb  - Linker created -
DebugMon_Handler        0x0800299b    0x2  Code  Gb  stm32f1xx_it.o [1]
HAL_Delay               0x08000dbd   0x1a  Code  Wk  stm32f1xx_hal.o [1]
HAL_GPIO_Init           0x0800162d  0x2d6  Code  Gb  stm32f1xx_hal_gpio.o [1]
HAL_GPIO_ReadPin        0x08001903   0x18  Code  Gb  stm32f1xx_hal_gpio.o [1]
HAL_GPIO_WritePin       0x0800191b   0x14  Code  Gb  stm32f1xx_hal_gpio.o [1]
HAL_GetTick             0x08000db7    0x6  Code  Wk  stm32f1xx_hal.o [1]
HAL_IncTick             0x08000dab    0xc  Code  Wk  stm32f1xx_hal.o [1]
HAL_Init                0x08000d65   0x22  Code  Gb  stm32f1xx_hal.o [1]
HAL_InitTick            0x08000d87   0x24  Code  Wk  stm32f1xx_hal.o [1]
HAL_MspInit             0x08000fa1   0x64  Code  Gb  stm32f1xx_hal_msp.o [1]
HAL_NVIC_EnableIRQ      0x08000f3b    0xe  Code  Gb  stm32f1xx_hal_cortex.o [1]
HAL_NVIC_SetPriority    0x08000f15   0x26  Code  Gb  stm32f1xx_hal_cortex.o [1]
HAL_NVIC_SetPriorityGrouping
                        0x08000f09    0xc  Code  Gb  stm32f1xx_hal_cortex.o [1]
HAL_RCC_ClockConfig     0x08000901  0x372  Code  Gb  stm32f1xx_hal_rcc.o [1]
HAL_RCC_GetHCLKFreq     0x08000cfd   0x28  Code  Gb  stm32f1xx_hal_rcc.o [1]
HAL_RCC_GetSysClockFreq
                        0x08000c73   0x8a  Code  Gb  stm32f1xx_hal_rcc.o [1]
HAL_RCC_OscConfig       0x08000131  0x7d0  Code  Gb  stm32f1xx_hal_rcc.o [1]
HAL_SYSTICK_CLKSourceConfig
                        0x08000f55   0x20  Code  Gb  stm32f1xx_hal_cortex.o [1]
HAL_SYSTICK_Callback    0x08000f9d    0x2  Code  Wk  stm32f1xx_hal_cortex.o [1]
HAL_SYSTICK_Config      0x08000f49    0xc  Code  Gb  stm32f1xx_hal_cortex.o [1]
HAL_SYSTICK_IRQHandler  0x08000f95    0x8  Code  Gb  stm32f1xx_hal_cortex.o [1]
HAL_TIM_Base_Init       0x08001979   0x38  Code  Gb  stm32f1xx_hal_tim.o [1]
HAL_TIM_Base_MspInit    0x080019b1    0x2  Code  Wk  stm32f1xx_hal_tim.o [1]
HAL_TIM_Base_Start      0x080019b3   0x1e  Code  Gb  stm32f1xx_hal_tim.o [1]
HAL_TIM_ConfigClockSource
                        0x08001a3d  0x11e  Code  Gb  stm32f1xx_hal_tim.o [1]
HAL_TIM_OC_ConfigChannel
                        0x080019d1   0x6c  Code  Gb  stm32f1xx_hal_tim.o [1]
HardFault_Handler       0x08002993    0x2  Code  Gb  stm32f1xx_it.o [1]
KEY1_StateRead          0x080027f1   0x34  Code  Gb  bsp_key.o [1]
KEY_GPIO_Init           0x080027bd   0x34  Code  Gb  bsp_key.o [1]
MemManage_Handler       0x08002995    0x2  Code  Gb  stm32f1xx_it.o [1]
MotionStatus            0x2000107e    0x1  Data  Gb  bsp_StepMotor.o [1]
NMI_Handler             0x08002991    0x2  Code  Gb  stm32f1xx_it.o [1]
NVIC_EnableIRQ          0x08000e61   0x14  Code  Lc  stm32f1xx_hal_cortex.o [1]
NVIC_EncodePriority     0x08000e9b   0x3e  Code  Lc  stm32f1xx_hal_cortex.o [1]
NVIC_GetPriorityGrouping
                        0x08000e57    0xa  Code  Lc  stm32f1xx_hal_cortex.o [1]
NVIC_SetPriority        0x08000e75   0x26  Code  Lc  stm32f1xx_hal_cortex.o [1]
NVIC_SetPriorityGrouping
                        0x08000e39   0x1e  Code  Lc  stm32f1xx_hal_cortex.o [1]
Region$$Table$$Base     0x08002928          --   Gb  - Linker created -
Region$$Table$$Limit    0x0800294c          --   Gb  - Linker created -
STEPMOTOR_AxisMoveRel   0x080011bb  0x1f6  Code  Gb  bsp_StepMotor.o [1]
STEPMOTOR_GPIO_Init     0x08001005   0xc6  Code  Lc  bsp_StepMotor.o [1]
STEPMOTOR_TIMx_Init     0x080010cb   0xf0  Code  Gb  bsp_StepMotor.o [1]
SysTick_Config          0x08000ed9   0x30  Code  Lc  stm32f1xx_hal_cortex.o [1]
SysTick_Handler         0x0800299d    0xc  Code  Gb  stm32f1xx_it.o [1]
SystemClock_Config      0x08002711   0x6c  Code  Gb  main.o [1]
SystemCoreClock         0x2000000c    0x4  Data  Gb  system_stm32f1xx.o [1]
SystemInit              0x0800282d   0x4e  Code  Gb  system_stm32f1xx.o [1]
TIM1_CC_IRQHandler      0x080013b1  0x22a  Code  Gb  bsp_StepMotor.o [1]
TIM_Base_SetConfig      0x08001b5b   0x88  Code  Gb  stm32f1xx_hal_tim.o [1]
TIM_CCxChannelCmd       0x08001e45   0x1e  Code  Gb  stm32f1xx_hal_tim.o [1]
TIM_ETR_SetConfig       0x08001e29   0x1c  Code  Lc  stm32f1xx_hal_tim.o [1]
TIM_ITRx_SetConfig      0x08001e13   0x16  Code  Lc  stm32f1xx_hal_tim.o [1]
TIM_OC1_SetConfig       0x08001be3   0x72  Code  Lc  stm32f1xx_hal_tim.o [1]
TIM_OC2_SetConfig       0x08001c55   0x7c  Code  Gb  stm32f1xx_hal_tim.o [1]
TIM_OC3_SetConfig       0x08001cd1   0x7a  Code  Lc  stm32f1xx_hal_tim.o [1]
TIM_OC4_SetConfig       0x08001d4b   0x58  Code  Lc  stm32f1xx_hal_tim.o [1]
TIM_TI1_ConfigInputStage
                        0x08001db9   0x2c  Code  Lc  stm32f1xx_hal_tim.o [1]
TIM_TI2_ConfigInputStage
                        0x08001de5   0x2e  Code  Lc  stm32f1xx_hal_tim.o [1]
UsageFault_Handler      0x08002999    0x2  Code  Gb  stm32f1xx_it.o [1]
__aeabi_d2f             0x080024b5         Code  Gb  DblToFlt.o [4]
__aeabi_d2iz            0x08002685         Code  Gb  DblToI32.o [4]
__aeabi_ddiv            0x0800225d         Code  Gb  DblDiv.o [4]
__aeabi_dmul            0x080020b9         Code  Gb  DblMul.o [4]
__aeabi_errno_addr      0x08002701    0x6  Code  Gb  errno.o [3]
__aeabi_f2d             0x08002545         Code  Gb  FltToDbl.o [4]
__aeabi_f2iz            0x08002059         Code  Gb  FltToS32.o [4]
__aeabi_f2uiz           0x080026d1         Code  Gb  FltToU32.o [4]
__aeabi_fdiv            0x08001f5d         Code  Gb  FltDiv.o [4]
__aeabi_fmul            0x08001e85         Code  Gb  FltMul.o [4]
__aeabi_ui2d            0x0800209d         Code  Gb  I32ToDbl.o [4]
__aeabi_ui2f            0x08001e65         Code  Gb  I32ToFlt.o [4]
__cmain                 0x0800294d         Code  Gb  cmain.o [5]
__exit                  0x0800297d   0x14  Code  Gb  exit.o [6]
__iar_Errno             0x20000010    0x4  Data  Gb  errno.o [3]
__iar_copy_init3        0x080028d5   0x2c  Code  Gb  copy_init3.o [5]
__iar_d2uiz             0x080026b1         Code  Gb  DblToI32.o [4]
__iar_data_init3        0x08002901   0x28  Code  Gb  data_init.o [5]
__iar_dlib_perthread_access
                        0x0800270d    0x2  Code  Gb  xtls.o [3]
__iar_edom              0x080026f5         Code  Gb  iarEdom.o [5]
__iar_program_start     0x080029ed         Code  Gb  cstartup_M.o [5]
__iar_sqrt              0x08002595         Code  Gb  sqrt.o [4]
__iar_ui2d              0x080020a1         Code  Gb  I32ToDbl.o [4]
__iar_ui2f              0x08001e69         Code  Gb  I32ToFlt.o [4]
__iar_unaligned___aeabi_memcpy4
                        0x08000de1         Code  Gb  ABImemcpy_unaligned.o [5]
__iar_unaligned___aeabi_memcpy8
                        0x08000de1         Code  Gb  ABImemcpy_unaligned.o [5]
__iar_zero_init3        0x08002895   0x40  Code  Gb  zero_init3.o [5]
__low_level_init        0x08002967    0x4  Code  Gb  low_level_init.o [3]
__vector_table          0x08000000         Data  Gb  startup_stm32f103xe.o [1]
_call_main              0x08002959         Code  Gb  cmain.o [5]
_exit                   0x08002971         Code  Gb  cexit.o [5]
_main                   0x08002963         Code  Gb  cmain.o [5]
aAPBAHBPrescTable       0x080029cc   0x10  Data  Gb  stm32f1xx_hal_rcc.o [1]
exit                    0x0800296b    0x4  Code  Gb  exit.o [3]
htimx_STEPMOTOR         0x20001018   0x3c  Data  Gb  bsp_StepMotor.o [1]
main                    0x0800277d   0x2e  Code  Gb  main.o [1]
set_speed               0x20000000    0x4  Data  Gb  main.o [1]
sqrt                    0x08002595         Code  Gb  sqrt.o [4]
sqrtl                   0x08002595         Code  Gb  sqrt.o [4]
srd                     0x20001054   0x18  Data  Gb  bsp_StepMotor.o [1]
step_accel              0x20000004    0x4  Data  Gb  main.o [1]
step_decel              0x20000008    0x4  Data  Gb  main.o [1]
step_position           0x2000106c    0x4  Data  Gb  bsp_StepMotor.o [1]
uwTick                  0x20001078    0x4  Data  Lc  stm32f1xx_hal.o [1]


[1] = G:\电机驱动\硬石下载-软件设计之电机控制专题\硬石步进电机资料\YS-F1Pro开发板程序\例程：HAL库版本\YSF1_HAL_MOTOR-008. 57&42步进电机梯形加减速实现\EWARM\YS-F1Pro\Obj
[2] = command line
[3] = dl7M_tlf.a
[4] = m7M_tl.a
[5] = rt7M_tl.a
[6] = shb_l.a

  10 898 bytes of readonly  code memory
      90 bytes of readonly  data memory
   4 220 bytes of readwrite data memory

Errors: none
Warnings: none
